#! /c/Source/iverilog-install/bin/vvp
:ivl_version "12.0 (devel)" "(s20150603-1539-g2693dd32b)";
:ivl_delay_selection "TYPICAL";
:vpi_time_precision - 11;
:vpi_module "C:\iverilog\lib\ivl\system.vpi";
:vpi_module "C:\iverilog\lib\ivl\vhdl_sys.vpi";
:vpi_module "C:\iverilog\lib\ivl\vhdl_textio.vpi";
:vpi_module "C:\iverilog\lib\ivl\v2005_math.vpi";
:vpi_module "C:\iverilog\lib\ivl\va_math.vpi";
:vpi_module "C:\iverilog\lib\ivl\v2009.vpi";
S_0000018011773000 .scope package, "$unit" "$unit" 2 1;
 .timescale 0 0;
S_0000018011777610 .scope module, "asymmetric_bram_tb" "asymmetric_bram_tb" 3 5;
 .timescale -9 -11;
P_000001801175cbf0 .param/l "BRAM_ADDR_WIDTH" 1 3 8, +C4<00000000000000000000000000010000>;
P_000001801175cc28 .param/l "CPU_BRAM_DATA_WIDTH" 1 3 9, +C4<00000000000000000000000000100000>;
P_000001801175cc60 .param/l "WEIGHT_BRAM_DATA_WIDTH" 1 3 7, +C4<00000000000000000000000010000000>;
v00000180117d0920_0 .var "addr_weight", 15 0;
v00000180117cfca0_0 .var "bram_en_weight", 0 0;
v00000180117d0600_0 .var "bram_we_weight", 15 0;
v00000180117cff20_0 .var "clk", 0 0;
v00000180117d0560_0 .var "cpu_weight_addr", 15 0;
v00000180117cf8e0_0 .var "cpu_weight_din", 31 0;
v00000180117cf980_0 .net "cpu_weight_dout", 31 0, L_00000180117675c0;  1 drivers
v00000180117cfa20_0 .var "cpu_weight_en", 0 0;
v00000180117cffc0_0 .var "cpu_weight_we", 3 0;
v00000180117cfd40_0 .var "din_weight", 127 0;
v00000180117cf3e0_0 .net "dout_weight", 127 0, v000001801176e120_0;  1 drivers
S_00000180117777a0 .scope module, "bram2" "asymmetric_dual_port_bram" 3 32, 4 3 0, S_0000018011777610;
 .timescale -9 -11;
    .port_info 0 /INPUT 1 "clka";
    .port_info 1 /INPUT 1 "ena";
    .port_info 2 /INPUT 16 "wea";
    .port_info 3 /INPUT 16 "addra";
    .port_info 4 /INPUT 128 "dina";
    .port_info 5 /OUTPUT 128 "douta";
    .port_info 6 /INPUT 1 "clkb";
    .port_info 7 /INPUT 1 "enb";
    .port_info 8 /INPUT 4 "web";
    .port_info 9 /INPUT 16 "addrb";
    .port_info 10 /INPUT 32 "dinb";
    .port_info 11 /OUTPUT 32 "doutb";
P_000001801173d200 .param/l "ADDR_WIDTH_A" 0 4 4, +C4<00000000000000000000000000010000>;
P_000001801173d238 .param/l "ADDR_WIDTH_B" 0 4 6, +C4<00000000000000000000000000010000>;
P_000001801173d270 .param/l "DATA_WIDTH_A" 0 4 5, +C4<00000000000000000000000010000000>;
P_000001801173d2a8 .param/l "DATA_WIDTH_B" 0 4 7, +C4<00000000000000000000000000100000>;
P_000001801173d2e0 .param/str "MEM_PATH" 0 4 8, "input_bram.mem";
P_000001801173d318 .param/l "MEM_SIZE" 1 4 24, +C4<0000000000000000000000000000000000000000000000001000000000000000>;
P_000001801173d350 .param/l "offset_bits" 1 4 25, +C4<00000000000000000000000000000010>;
L_00000180117675c0 .functor BUFZ 32, L_00000180117cf480, C4<00000000000000000000000000000000>, C4<00000000000000000000000000000000>, C4<00000000000000000000000000000000>;
L_0000018011768120 .functor BUFZ 16, v00000180117d0560_0, C4<0000000000000000>, C4<0000000000000000>, C4<0000000000000000>;
v000001801176f520_0 .net *"_ivl_13", 31 0, L_00000180117cf480;  1 drivers
v000001801176f7a0_0 .net *"_ivl_17", 31 0, L_00000180117cfb60;  1 drivers
L_00000180117f0088 .functor BUFT 1, C4<0000000000000000>, C4<0>, C4<0>, C4<0>;
v000001801176fb60_0 .net *"_ivl_20", 15 0, L_00000180117f0088;  1 drivers
L_00000180117f00d0 .functor BUFT 1, C4<00000000000000000000000000010000>, C4<0>, C4<0>, C4<0>;
v000001801176eb20_0 .net/2u *"_ivl_21", 31 0, L_00000180117f00d0;  1 drivers
v000001801176dcc0_0 .net *"_ivl_23", 31 0, L_00000180117cf520;  1 drivers
L_00000180117f0118 .functor BUFT 1, C4<00000000000000000000000000000100>, C4<0>, C4<0>, C4<0>;
v000001801176e440_0 .net/2u *"_ivl_25", 31 0, L_00000180117f0118;  1 drivers
v000001801176f3e0_0 .net *"_ivl_27", 31 0, L_00000180117d02e0;  1 drivers
v000001801176dfe0_0 .net *"_ivl_31", 31 0, L_00000180117cf5c0;  1 drivers
L_00000180117f0160 .functor BUFT 1, C4<0000000000000000>, C4<0>, C4<0>, C4<0>;
v000001801176e8a0_0 .net *"_ivl_34", 15 0, L_00000180117f0160;  1 drivers
L_00000180117f01a8 .functor BUFT 1, C4<00000000000000000000000000010000>, C4<0>, C4<0>, C4<0>;
v000001801176f840_0 .net/2u *"_ivl_35", 31 0, L_00000180117f01a8;  1 drivers
v000001801176f160_0 .net *"_ivl_37", 31 0, L_00000180117cfde0;  1 drivers
L_00000180117f01f0 .functor BUFT 1, C4<00000000000000000000000000000100>, C4<0>, C4<0>, C4<0>;
v000001801176fa20_0 .net/2u *"_ivl_39", 31 0, L_00000180117f01f0;  1 drivers
v000001801176f200_0 .net *"_ivl_41", 31 0, L_00000180117d0100;  1 drivers
L_00000180117f0238 .functor BUFT 1, C4<00000000000000000000000000000100>, C4<0>, C4<0>, C4<0>;
v000001801176e9e0_0 .net/2u *"_ivl_43", 31 0, L_00000180117f0238;  1 drivers
v000001801176ea80_0 .net *"_ivl_46", 31 0, L_00000180117d0ba0;  1 drivers
v000001801176e4e0_0 .net *"_ivl_49", 15 0, L_00000180117d1000;  1 drivers
L_00000180117f0280 .functor BUFT 1, C4<000000000000>, C4<0>, C4<0>, C4<0>;
v000001801176e580_0 .net *"_ivl_52", 11 0, L_00000180117f0280;  1 drivers
v000001801176ebc0_0 .net "addra", 15 0, v00000180117d0920_0;  1 drivers
v000001801176e260_0 .net "addrb", 15 0, v00000180117d0560_0;  1 drivers
v000001801176ec60_0 .net "addrb_local", 15 0, L_0000018011768120;  1 drivers
v000001801176de00_0 .net "clka", 0 0, v00000180117cff20_0;  1 drivers
v000001801176ed00_0 .net "clkb", 0 0, v00000180117cff20_0;  alias, 1 drivers
v000001801176f480_0 .net "dina", 127 0, v00000180117cfd40_0;  1 drivers
v000001801176eda0_0 .net "dinb", 31 0, v00000180117cf8e0_0;  1 drivers
v000001801176f2a0_0 .net "dinb_local", 127 0, L_00000180117d0420;  1 drivers
v0000018011731b70_4 .array/port v0000018011731b70, 4;
v000001801176fac0 .array "dinb_local_arr", 0 3;
v000001801176fac0_0 .net v000001801176fac0 0, 31 0, v0000018011731b70_4; 1 drivers
v0000018011731b70_5 .array/port v0000018011731b70, 5;
v000001801176fac0_1 .net v000001801176fac0 1, 31 0, v0000018011731b70_5; 1 drivers
v0000018011731b70_6 .array/port v0000018011731b70, 6;
v000001801176fac0_2 .net v000001801176fac0 2, 31 0, v0000018011731b70_6; 1 drivers
v0000018011731b70_7 .array/port v0000018011731b70, 7;
v000001801176fac0_3 .net v000001801176fac0 3, 31 0, v0000018011731b70_7; 1 drivers
v000001801176f5c0_0 .net "douta", 127 0, v000001801176e120_0;  alias, 1 drivers
v000001801176e1c0_0 .net "doutb", 31 0, L_00000180117675c0;  alias, 1 drivers
v000001801176dd60_0 .net "doutb_local", 127 0, v000001801176f8e0_0;  1 drivers
v0000018011731e90 .array "doutb_local_arr", 0 3;
v0000018011731e90_0 .net v0000018011731e90 0, 31 0, L_00000180117cf2a0; 1 drivers
v0000018011731e90_1 .net v0000018011731e90 1, 31 0, L_00000180117cfac0; 1 drivers
v0000018011731e90_2 .net v0000018011731e90 2, 31 0, L_00000180117d06a0; 1 drivers
v0000018011731e90_3 .net v0000018011731e90 3, 31 0, L_00000180117d07e0; 1 drivers
v0000018011731cb0_0 .net "ena", 0 0, v00000180117cfca0_0;  1 drivers
v00000180117322f0_0 .net "enb", 0 0, v00000180117cfa20_0;  1 drivers
v0000018011731a30_0 .net "enb_local", 0 0, L_00000180117cf840;  1 drivers
v0000018011731b70 .array "mux", 0 8, 31 0;
v0000018011731d50_0 .net "offset", 15 0, L_00000180117cfc00;  1 drivers
v00000180117d0380_0 .net "offset1", 15 0, L_00000180117cf700;  1 drivers
v00000180117d1140_0 .var "ready", 8 0;
v00000180117cf340_0 .net "wea", 15 0, v00000180117d0600_0;  1 drivers
v00000180117d0b00_0 .net "web", 3 0, v00000180117cffc0_0;  1 drivers
v00000180117d04c0_0 .net "web_local", 15 0, L_00000180117cfe80;  1 drivers
L_00000180117cf2a0 .part v000001801176f8e0_0, 0, 32;
L_00000180117cfac0 .part v000001801176f8e0_0, 32, 32;
L_00000180117d06a0 .part v000001801176f8e0_0, 64, 32;
L_00000180117d0420 .concat8 [ 32 32 32 32], L_0000018011767f60, L_00000180117680b0, L_0000018011767630, L_0000018011767e10;
L_00000180117d07e0 .part v000001801176f8e0_0, 96, 32;
L_00000180117cf480 .array/port v0000018011731e90, L_00000180117cfc00;
L_00000180117cfb60 .concat [ 16 16 0 0], v00000180117d0560_0, L_00000180117f0088;
L_00000180117cf520 .arith/mod 32, L_00000180117cfb60, L_00000180117f00d0;
L_00000180117d02e0 .arith/div 32, L_00000180117cf520, L_00000180117f0118;
L_00000180117cfc00 .part L_00000180117d02e0, 0, 16;
L_00000180117cf5c0 .concat [ 16 16 0 0], v00000180117d0560_0, L_00000180117f0160;
L_00000180117cfde0 .arith/mod 32, L_00000180117cf5c0, L_00000180117f01a8;
L_00000180117d0100 .arith/div 32, L_00000180117cfde0, L_00000180117f01f0;
L_00000180117d0ba0 .arith/mult 32, L_00000180117d0100, L_00000180117f0238;
L_00000180117cf700 .part L_00000180117d0ba0, 0, 16;
L_00000180117d1000 .concat [ 4 12 0 0], v00000180117cffc0_0, L_00000180117f0280;
L_00000180117cfe80 .shift/l 16, L_00000180117d1000, L_00000180117cf700;
L_00000180117cf840 .part v00000180117d1140_0, 7, 1;
S_000001801173d390 .scope generate, "genblk1[0]" "genblk1[0]" 4 40, 4 40 0, S_00000180117777a0;
 .timescale -9 -11;
P_000001801176a1d0 .param/l "i" 0 4 40, +C4<00>;
L_0000018011767f60 .functor BUFZ 32, v0000018011731b70_4, C4<00000000000000000000000000000000>, C4<00000000000000000000000000000000>, C4<00000000000000000000000000000000>;
v000001801176e6c0_0 .net *"_ivl_2", 31 0, L_0000018011767f60;  1 drivers
S_00000180116e65a0 .scope generate, "genblk1[1]" "genblk1[1]" 4 40, 4 40 0, S_00000180117777a0;
 .timescale -9 -11;
P_000001801176a310 .param/l "i" 0 4 40, +C4<01>;
L_00000180117680b0 .functor BUFZ 32, v0000018011731b70_5, C4<00000000000000000000000000000000>, C4<00000000000000000000000000000000>, C4<00000000000000000000000000000000>;
v000001801176e760_0 .net *"_ivl_2", 31 0, L_00000180117680b0;  1 drivers
S_00000180116e6730 .scope generate, "genblk1[2]" "genblk1[2]" 4 40, 4 40 0, S_00000180117777a0;
 .timescale -9 -11;
P_0000018011769610 .param/l "i" 0 4 40, +C4<010>;
L_0000018011767630 .functor BUFZ 32, v0000018011731b70_6, C4<00000000000000000000000000000000>, C4<00000000000000000000000000000000>, C4<00000000000000000000000000000000>;
v000001801176dea0_0 .net *"_ivl_2", 31 0, L_0000018011767630;  1 drivers
S_00000180116e68c0 .scope generate, "genblk1[3]" "genblk1[3]" 4 40, 4 40 0, S_00000180117777a0;
 .timescale -9 -11;
P_0000018011769910 .param/l "i" 0 4 40, +C4<011>;
L_0000018011767e10 .functor BUFZ 32, v0000018011731b70_7, C4<00000000000000000000000000000000>, C4<00000000000000000000000000000000>, C4<00000000000000000000000000000000>;
v000001801176e940_0 .net *"_ivl_2", 31 0, L_0000018011767e10;  1 drivers
S_00000180117cd020 .scope generate, "genblk2[1]" "genblk2[1]" 4 58, 4 58 0, S_00000180117777a0;
 .timescale -9 -11;
P_0000018011768f10 .param/l "i" 0 4 58, +C4<01>;
E_0000018011769410 .event posedge, v000001801176f700_0;
S_00000180117cd1b0 .scope generate, "genblk2[2]" "genblk2[2]" 4 58, 4 58 0, S_00000180117777a0;
 .timescale -9 -11;
P_0000018011768f90 .param/l "i" 0 4 58, +C4<010>;
S_00000180117cd340 .scope generate, "genblk2[3]" "genblk2[3]" 4 58, 4 58 0, S_00000180117777a0;
 .timescale -9 -11;
P_00000180117688d0 .param/l "i" 0 4 58, +C4<011>;
S_00000180117cd4d0 .scope generate, "genblk2[4]" "genblk2[4]" 4 58, 4 58 0, S_00000180117777a0;
 .timescale -9 -11;
P_0000018011768dd0 .param/l "i" 0 4 58, +C4<0100>;
S_00000180117cd660 .scope generate, "genblk1" "genblk1" 4 59, 4 59 0, S_00000180117cd4d0;
 .timescale -9 -11;
S_00000180117cd7f0 .scope generate, "genblk2[5]" "genblk2[5]" 4 58, 4 58 0, S_00000180117777a0;
 .timescale -9 -11;
P_0000018011769190 .param/l "i" 0 4 58, +C4<0101>;
S_00000180117cd980 .scope generate, "genblk1" "genblk1" 4 59, 4 59 0, S_00000180117cd7f0;
 .timescale -9 -11;
S_00000180117cdb10 .scope generate, "genblk2[6]" "genblk2[6]" 4 58, 4 58 0, S_00000180117777a0;
 .timescale -9 -11;
P_0000018011768810 .param/l "i" 0 4 58, +C4<0110>;
S_00000180117cdca0 .scope generate, "genblk1" "genblk1" 4 59, 4 59 0, S_00000180117cdb10;
 .timescale -9 -11;
S_00000180117ce010 .scope generate, "genblk2[7]" "genblk2[7]" 4 58, 4 58 0, S_00000180117777a0;
 .timescale -9 -11;
P_0000018011768f50 .param/l "i" 0 4 58, +C4<0111>;
S_00000180117ce330 .scope generate, "genblk1" "genblk1" 4 59, 4 59 0, S_00000180117ce010;
 .timescale -9 -11;
S_00000180117ce650 .scope module, "mem" "dual_port_bram" 4 91, 5 12 0, S_00000180117777a0;
 .timescale -9 -11;
    .port_info 0 /INPUT 1 "clka";
    .port_info 1 /INPUT 16 "addra";
    .port_info 2 /INPUT 128 "dina";
    .port_info 3 /OUTPUT 128 "douta";
    .port_info 4 /INPUT 16 "wea";
    .port_info 5 /INPUT 1 "ena";
    .port_info 6 /INPUT 1 "clkb";
    .port_info 7 /INPUT 16 "addrb";
    .port_info 8 /INPUT 128 "dinb";
    .port_info 9 /OUTPUT 128 "doutb";
    .port_info 10 /INPUT 16 "web";
    .port_info 11 /INPUT 1 "enb";
P_00000180117cee40 .param/l "ADDR_WIDTH_A" 0 5 15, +C4<00000000000000000000000000010000>;
P_00000180117cee78 .param/l "ADDR_WIDTH_B" 0 5 16, +C4<00000000000000000000000000010000>;
P_00000180117ceeb0 .param/str "BASE_PATH" 1 5 41, "C:/Users/andre/Desktop/snn-fpga/src/hdl/bram/mem/";
P_00000180117ceee8 .param/l "BRAM_ADDR_WIDTH" 1 5 23, +C4<00000000000000000000000000010000>;
P_00000180117cef20 .param/l "BRAM_DATA_WIDTH" 1 5 22, +C4<00000000000000000000000010000000>;
P_00000180117cef58 .param/l "DATA_WIDTH_A" 0 5 13, +C4<00000000000000000000000010000000>;
P_00000180117cef90 .param/l "DATA_WIDTH_B" 0 5 14, +C4<00000000000000000000000010000000>;
P_00000180117cefc8 .param/l "LOG_WORD_WIDTH" 1 5 43, +C4<00000000000000000000000000000100>;
P_00000180117cf000 .param/str "MEM_PATH" 0 5 17, "input_bram.mem";
v000001801176f980_0 .net "addra", 15 0, v00000180117d0920_0;  alias, 1 drivers
v000001801176f340_0 .net "addrb", 15 0, L_0000018011768120;  alias, 1 drivers
v000001801176f700_0 .net "clka", 0 0, v00000180117cff20_0;  alias, 1 drivers
v000001801176e080_0 .net "clkb", 0 0, v00000180117cff20_0;  alias, 1 drivers
v000001801176df40_0 .net "dina", 127 0, v00000180117cfd40_0;  alias, 1 drivers
v000001801176e800_0 .net "dinb", 127 0, L_00000180117d0420;  alias, 1 drivers
v000001801176e120_0 .var "douta", 127 0;
v000001801176f8e0_0 .var "doutb", 127 0;
v000001801176e3a0_0 .net "ena", 0 0, v00000180117cfca0_0;  alias, 1 drivers
v000001801176ee40_0 .net "enb", 0 0, L_00000180117cf840;  alias, 1 drivers
v000001801176e620_0 .var/i "i", 31 0;
v000001801176eee0 .array "mem", 0 1023, 127 0;
v000001801176e300_0 .net "wea", 15 0, v00000180117d0600_0;  alias, 1 drivers
v000001801176f020_0 .net "web", 15 0, L_00000180117cfe80;  alias, 1 drivers
S_00000180117ce1a0 .scope begin, "$ivl_for_loop0" "$ivl_for_loop0" 5 48, 5 48 0, S_00000180117ce650;
 .timescale -9 -11;
v000001801176f660_0 .var/i "asdf", 31 0;
    .scope S_00000180117cd020;
T_0 ;
    %wait E_0000018011769410;
    %load/vec4 v00000180117322f0_0;
    %inv;
    %flag_set/vec4 8;
    %jmp/0xz  T_0.0, 8;
    %pushi/vec4 0, 0, 32;
    %ix/load 3, 1, 0;
    %flag_set/imm 4, 0;
    %ix/load 4, 0, 0; Constant delay
    %assign/vec4/a/d v0000018011731b70, 0, 4;
    %pushi/vec4 0, 0, 1;
    %ix/load 4, 1, 0;
    %ix/load 5, 0, 0;
    %flag_set/imm 4, 0;
    %assign/vec4/off/d v00000180117d1140_0, 4, 5;
    %jmp T_0.1;
T_0.0 ;
    %pushi/vec4 0, 0, 1;
    %flag_set/vec4 8;
    %jmp/1 T_0.4, 8;
    %load/vec4 v00000180117d1140_0;
    %parti/s 1, 1, 2;
    %flag_set/vec4 9;
    %flag_or 8, 9;
T_0.4;
    %jmp/0xz  T_0.2, 8;
    %load/vec4 v0000018011731d50_0;
    %parti/s 1, 1, 2;
    %flag_set/vec4 8;
    %jmp/0xz  T_0.5, 8;
    %ix/load 4, 1, 0;
    %flag_set/imm 4, 0;
    %load/vec4a v0000018011731b70, 4;
    %ix/load 3, 3, 0;
    %flag_set/imm 4, 0;
    %ix/load 4, 0, 0; Constant delay
    %assign/vec4/a/d v0000018011731b70, 0, 4;
    %jmp T_0.6;
T_0.5 ;
    %ix/load 4, 1, 0;
    %flag_set/imm 4, 0;
    %load/vec4a v0000018011731b70, 4;
    %ix/load 3, 2, 0;
    %flag_set/imm 4, 0;
    %ix/load 4, 0, 0; Constant delay
    %assign/vec4/a/d v0000018011731b70, 0, 4;
T_0.6 ;
    %load/vec4 v00000180117d1140_0;
    %parti/s 1, 1, 2;
    %ix/load 4, 2, 0;
    %ix/load 5, 0, 0;
    %flag_set/imm 4, 0;
    %assign/vec4/off/d v00000180117d1140_0, 4, 5;
    %load/vec4 v00000180117d1140_0;
    %parti/s 1, 1, 2;
    %ix/load 4, 3, 0;
    %ix/load 5, 0, 0;
    %flag_set/imm 4, 0;
    %assign/vec4/off/d v00000180117d1140_0, 4, 5;
    %jmp T_0.3;
T_0.2 ;
    %load/vec4 v000001801176eda0_0;
    %ix/load 3, 1, 0;
    %flag_set/imm 4, 0;
    %ix/load 4, 0, 0; Constant delay
    %assign/vec4/a/d v0000018011731b70, 0, 4;
    %pushi/vec4 1, 0, 1;
    %ix/load 4, 1, 0;
    %ix/load 5, 0, 0;
    %flag_set/imm 4, 0;
    %assign/vec4/off/d v00000180117d1140_0, 4, 5;
T_0.3 ;
T_0.1 ;
    %jmp T_0;
    .thread T_0;
    .scope S_00000180117cd1b0;
T_1 ;
    %wait E_0000018011769410;
    %load/vec4 v00000180117322f0_0;
    %inv;
    %flag_set/vec4 8;
    %jmp/0xz  T_1.0, 8;
    %pushi/vec4 0, 0, 32;
    %ix/load 3, 2, 0;
    %flag_set/imm 4, 0;
    %ix/load 4, 0, 0; Constant delay
    %assign/vec4/a/d v0000018011731b70, 0, 4;
    %pushi/vec4 0, 0, 1;
    %ix/load 4, 2, 0;
    %ix/load 5, 0, 0;
    %flag_set/imm 4, 0;
    %assign/vec4/off/d v00000180117d1140_0, 4, 5;
    %jmp T_1.1;
T_1.0 ;
    %load/vec4 v0000018011731d50_0;
    %parti/s 1, 0, 2;
    %flag_set/vec4 8;
    %jmp/0xz  T_1.2, 8;
    %ix/load 4, 2, 0;
    %flag_set/imm 4, 0;
    %load/vec4a v0000018011731b70, 4;
    %ix/load 3, 5, 0;
    %flag_set/imm 4, 0;
    %ix/load 4, 0, 0; Constant delay
    %assign/vec4/a/d v0000018011731b70, 0, 4;
    %jmp T_1.3;
T_1.2 ;
    %ix/load 4, 2, 0;
    %flag_set/imm 4, 0;
    %load/vec4a v0000018011731b70, 4;
    %ix/load 3, 4, 0;
    %flag_set/imm 4, 0;
    %ix/load 4, 0, 0; Constant delay
    %assign/vec4/a/d v0000018011731b70, 0, 4;
T_1.3 ;
    %load/vec4 v00000180117d1140_0;
    %parti/s 1, 2, 3;
    %ix/load 4, 4, 0;
    %ix/load 5, 0, 0;
    %flag_set/imm 4, 0;
    %assign/vec4/off/d v00000180117d1140_0, 4, 5;
    %load/vec4 v00000180117d1140_0;
    %parti/s 1, 2, 3;
    %ix/load 4, 5, 0;
    %ix/load 5, 0, 0;
    %flag_set/imm 4, 0;
    %assign/vec4/off/d v00000180117d1140_0, 4, 5;
T_1.1 ;
    %jmp T_1;
    .thread T_1;
    .scope S_00000180117cd340;
T_2 ;
    %wait E_0000018011769410;
    %load/vec4 v00000180117322f0_0;
    %inv;
    %flag_set/vec4 8;
    %jmp/0xz  T_2.0, 8;
    %pushi/vec4 0, 0, 32;
    %ix/load 3, 3, 0;
    %flag_set/imm 4, 0;
    %ix/load 4, 0, 0; Constant delay
    %assign/vec4/a/d v0000018011731b70, 0, 4;
    %pushi/vec4 0, 0, 1;
    %ix/load 4, 3, 0;
    %ix/load 5, 0, 0;
    %flag_set/imm 4, 0;
    %assign/vec4/off/d v00000180117d1140_0, 4, 5;
    %jmp T_2.1;
T_2.0 ;
    %load/vec4 v0000018011731d50_0;
    %parti/s 1, 0, 2;
    %flag_set/vec4 8;
    %jmp/0xz  T_2.2, 8;
    %ix/load 4, 3, 0;
    %flag_set/imm 4, 0;
    %load/vec4a v0000018011731b70, 4;
    %ix/load 3, 7, 0;
    %flag_set/imm 4, 0;
    %ix/load 4, 0, 0; Constant delay
    %assign/vec4/a/d v0000018011731b70, 0, 4;
    %jmp T_2.3;
T_2.2 ;
    %ix/load 4, 3, 0;
    %flag_set/imm 4, 0;
    %load/vec4a v0000018011731b70, 4;
    %ix/load 3, 6, 0;
    %flag_set/imm 4, 0;
    %ix/load 4, 0, 0; Constant delay
    %assign/vec4/a/d v0000018011731b70, 0, 4;
T_2.3 ;
    %load/vec4 v00000180117d1140_0;
    %parti/s 1, 3, 3;
    %ix/load 4, 6, 0;
    %ix/load 5, 0, 0;
    %flag_set/imm 4, 0;
    %assign/vec4/off/d v00000180117d1140_0, 4, 5;
    %load/vec4 v00000180117d1140_0;
    %parti/s 1, 3, 3;
    %ix/load 4, 7, 0;
    %ix/load 5, 0, 0;
    %flag_set/imm 4, 0;
    %assign/vec4/off/d v00000180117d1140_0, 4, 5;
T_2.1 ;
    %jmp T_2;
    .thread T_2;
    .scope S_00000180117cd4d0;
T_3 ;
    %wait E_0000018011769410;
    %load/vec4 v00000180117322f0_0;
    %inv;
    %flag_set/vec4 8;
    %jmp/0xz  T_3.0, 8;
    %pushi/vec4 0, 0, 32;
    %ix/load 3, 4, 0;
    %flag_set/imm 4, 0;
    %ix/load 4, 0, 0; Constant delay
    %assign/vec4/a/d v0000018011731b70, 0, 4;
    %pushi/vec4 0, 0, 1;
    %ix/load 4, 4, 0;
    %ix/load 5, 0, 0;
    %flag_set/imm 4, 0;
    %assign/vec4/off/d v00000180117d1140_0, 4, 5;
    %jmp T_3.1;
T_3.0 ;
    %ix/load 4, 4, 0;
    %flag_set/imm 4, 0;
    %load/vec4a v0000018011731b70, 4;
    %ix/load 3, 8, 0;
    %flag_set/imm 4, 0;
    %ix/load 4, 0, 0; Constant delay
    %assign/vec4/a/d v0000018011731b70, 0, 4;
    %load/vec4 v00000180117d1140_0;
    %parti/s 1, 4, 4;
    %ix/load 4, 8, 0;
    %ix/load 5, 0, 0;
    %flag_set/imm 4, 0;
    %assign/vec4/off/d v00000180117d1140_0, 4, 5;
    %load/vec4 v00000180117d1140_0;
    %parti/s 1, 4, 4;
    %ix/load 4, 9, 0;
    %ix/load 5, 0, 0;
    %flag_set/imm 4, 0;
    %assign/vec4/off/d v00000180117d1140_0, 4, 5;
T_3.1 ;
    %jmp T_3;
    .thread T_3;
    .scope S_00000180117cd7f0;
T_4 ;
    %wait E_0000018011769410;
    %load/vec4 v00000180117322f0_0;
    %inv;
    %flag_set/vec4 8;
    %jmp/0xz  T_4.0, 8;
    %pushi/vec4 0, 0, 32;
    %ix/load 3, 5, 0;
    %flag_set/imm 4, 0;
    %ix/load 4, 0, 0; Constant delay
    %assign/vec4/a/d v0000018011731b70, 0, 4;
    %pushi/vec4 0, 0, 1;
    %ix/load 4, 5, 0;
    %ix/load 5, 0, 0;
    %flag_set/imm 4, 0;
    %assign/vec4/off/d v00000180117d1140_0, 4, 5;
    %jmp T_4.1;
T_4.0 ;
    %ix/load 4, 5, 0;
    %flag_set/imm 4, 0;
    %load/vec4a v0000018011731b70, 4;
    %ix/load 3, 0, 0;
    %flag_set/imm 4, 1;
    %ix/load 4, 0, 0; Constant delay
    %assign/vec4/a/d v0000018011731b70, 0, 4;
    %load/vec4 v00000180117d1140_0;
    %parti/s 1, 5, 4;
    %ix/load 4, 10, 0;
    %ix/load 5, 0, 0;
    %flag_set/imm 4, 0;
    %assign/vec4/off/d v00000180117d1140_0, 4, 5;
    %load/vec4 v00000180117d1140_0;
    %parti/s 1, 5, 4;
    %ix/load 4, 11, 0;
    %ix/load 5, 0, 0;
    %flag_set/imm 4, 0;
    %assign/vec4/off/d v00000180117d1140_0, 4, 5;
T_4.1 ;
    %jmp T_4;
    .thread T_4;
    .scope S_00000180117cdb10;
T_5 ;
    %wait E_0000018011769410;
    %load/vec4 v00000180117322f0_0;
    %inv;
    %flag_set/vec4 8;
    %jmp/0xz  T_5.0, 8;
    %pushi/vec4 0, 0, 32;
    %ix/load 3, 6, 0;
    %flag_set/imm 4, 0;
    %ix/load 4, 0, 0; Constant delay
    %assign/vec4/a/d v0000018011731b70, 0, 4;
    %pushi/vec4 0, 0, 1;
    %ix/load 4, 6, 0;
    %ix/load 5, 0, 0;
    %flag_set/imm 4, 0;
    %assign/vec4/off/d v00000180117d1140_0, 4, 5;
    %jmp T_5.1;
T_5.0 ;
    %ix/load 4, 6, 0;
    %flag_set/imm 4, 0;
    %load/vec4a v0000018011731b70, 4;
    %ix/load 3, 0, 0;
    %flag_set/imm 4, 1;
    %ix/load 4, 0, 0; Constant delay
    %assign/vec4/a/d v0000018011731b70, 0, 4;
    %load/vec4 v00000180117d1140_0;
    %parti/s 1, 6, 4;
    %ix/load 4, 12, 0;
    %ix/load 5, 0, 0;
    %flag_set/imm 4, 0;
    %assign/vec4/off/d v00000180117d1140_0, 4, 5;
    %load/vec4 v00000180117d1140_0;
    %parti/s 1, 6, 4;
    %ix/load 4, 13, 0;
    %ix/load 5, 0, 0;
    %flag_set/imm 4, 0;
    %assign/vec4/off/d v00000180117d1140_0, 4, 5;
T_5.1 ;
    %jmp T_5;
    .thread T_5;
    .scope S_00000180117ce010;
T_6 ;
    %wait E_0000018011769410;
    %load/vec4 v00000180117322f0_0;
    %inv;
    %flag_set/vec4 8;
    %jmp/0xz  T_6.0, 8;
    %pushi/vec4 0, 0, 32;
    %ix/load 3, 7, 0;
    %flag_set/imm 4, 0;
    %ix/load 4, 0, 0; Constant delay
    %assign/vec4/a/d v0000018011731b70, 0, 4;
    %pushi/vec4 0, 0, 1;
    %ix/load 4, 7, 0;
    %ix/load 5, 0, 0;
    %flag_set/imm 4, 0;
    %assign/vec4/off/d v00000180117d1140_0, 4, 5;
    %jmp T_6.1;
T_6.0 ;
    %ix/load 4, 7, 0;
    %flag_set/imm 4, 0;
    %load/vec4a v0000018011731b70, 4;
    %ix/load 3, 0, 0;
    %flag_set/imm 4, 1;
    %ix/load 4, 0, 0; Constant delay
    %assign/vec4/a/d v0000018011731b70, 0, 4;
    %load/vec4 v00000180117d1140_0;
    %parti/s 1, 7, 4;
    %ix/load 4, 14, 0;
    %ix/load 5, 0, 0;
    %flag_set/imm 4, 0;
    %assign/vec4/off/d v00000180117d1140_0, 4, 5;
    %load/vec4 v00000180117d1140_0;
    %parti/s 1, 7, 4;
    %ix/load 4, 15, 0;
    %ix/load 5, 0, 0;
    %flag_set/imm 4, 0;
    %assign/vec4/off/d v00000180117d1140_0, 4, 5;
T_6.1 ;
    %jmp T_6;
    .thread T_6;
    .scope S_00000180117ce650;
T_7 ;
    %fork t_1, S_00000180117ce1a0;
    %jmp t_0;
    .scope S_00000180117ce1a0;
t_1 ;
    %pushi/vec4 0, 0, 32;
    %store/vec4 v000001801176f660_0, 0, 32;
T_7.0 ;
    %load/vec4 v000001801176f660_0;
    %cmpi/s 1024, 0, 32;
    %jmp/0xz T_7.1, 5;
    %pushi/vec4 0, 0, 128;
    %ix/getv/s 4, v000001801176f660_0;
    %store/vec4a v000001801176eee0, 4, 0;
    ; show_stmt_assign_vector: Get l-value for compressed += operand
    %load/vec4 v000001801176f660_0;
    %pushi/vec4 1, 0, 32;
    %add;
    %store/vec4 v000001801176f660_0, 0, 32;
    %jmp T_7.0;
T_7.1 ;
    %end;
    .scope S_00000180117ce650;
t_0 %join;
    %vpi_call/w 5 51 "$display", "reading %s", "C:/Users/andre/Desktop/snn-fpga/src/hdl/bram/mem/input_bram.mem" {0 0 0};
    %vpi_call/w 5 52 "$readmemb", "C:/Users/andre/Desktop/snn-fpga/src/hdl/bram/mem/input_bram.mem", v000001801176eee0 {0 0 0};
    %end;
    .thread T_7;
    .scope S_00000180117ce650;
T_8 ;
    %wait E_0000018011769410;
    %load/vec4 v000001801176e3a0_0;
    %flag_set/vec4 8;
    %jmp/0xz  T_8.0, 8;
    %load/vec4 v000001801176f980_0;
    %ix/load 5, 4, 0;
    %flag_set/imm 4, 0;
    %shiftr 5;
    %ix/vec4 4;
    %load/vec4a v000001801176eee0, 4;
    %assign/vec4 v000001801176e120_0, 0;
    %pushi/vec4 0, 0, 32;
    %store/vec4 v000001801176e620_0, 0, 32;
T_8.2 ;
    %load/vec4 v000001801176e620_0;
    %cmpi/s 16, 0, 32;
    %jmp/0xz T_8.3, 5;
    %load/vec4 v000001801176e300_0;
    %load/vec4 v000001801176e620_0;
    %part/s 1;
    %flag_set/vec4 8;
    %jmp/0xz  T_8.4, 8;
    %load/vec4 v000001801176df40_0;
    %load/vec4 v000001801176e620_0;
    %muli 8, 0, 32;
    %part/s 8;
    %load/vec4 v000001801176f980_0;
    %ix/load 5, 4, 0;
    %flag_set/imm 4, 0;
    %shiftr 5;
    %ix/vec4 4;
    %flag_mov 8, 4;
    %load/vec4 v000001801176e620_0;
    %muli 8, 0, 32;
    %ix/vec4/s 5;
    %flag_or 8, 4;
    %ix/load 6, 0, 0; Constant delay
    %ix/mov 3, 4;
    %flag_mov 4, 8;
    %assign/vec4/a/d v000001801176eee0, 5, 6;
T_8.4 ;
    %load/vec4 v000001801176e620_0;
    %addi 1, 0, 32;
    %store/vec4 v000001801176e620_0, 0, 32;
    %jmp T_8.2;
T_8.3 ;
T_8.0 ;
    %jmp T_8;
    .thread T_8;
    .scope S_00000180117ce650;
T_9 ;
    %wait E_0000018011769410;
    %load/vec4 v000001801176ee40_0;
    %flag_set/vec4 8;
    %jmp/0xz  T_9.0, 8;
    %load/vec4 v000001801176f340_0;
    %ix/load 5, 4, 0;
    %flag_set/imm 4, 0;
    %shiftr 5;
    %ix/vec4 4;
    %load/vec4a v000001801176eee0, 4;
    %assign/vec4 v000001801176f8e0_0, 0;
    %pushi/vec4 0, 0, 32;
    %store/vec4 v000001801176e620_0, 0, 32;
T_9.2 ;
    %load/vec4 v000001801176e620_0;
    %cmpi/s 16, 0, 32;
    %jmp/0xz T_9.3, 5;
    %load/vec4 v000001801176f020_0;
    %load/vec4 v000001801176e620_0;
    %part/s 1;
    %flag_set/vec4 8;
    %jmp/0xz  T_9.4, 8;
    %load/vec4 v000001801176e800_0;
    %load/vec4 v000001801176e620_0;
    %muli 8, 0, 32;
    %part/s 8;
    %load/vec4 v000001801176f340_0;
    %ix/load 5, 4, 0;
    %flag_set/imm 4, 0;
    %shiftr 5;
    %ix/vec4 4;
    %flag_mov 8, 4;
    %load/vec4 v000001801176e620_0;
    %muli 8, 0, 32;
    %ix/vec4/s 5;
    %flag_or 8, 4;
    %ix/load 6, 0, 0; Constant delay
    %ix/mov 3, 4;
    %flag_mov 4, 8;
    %assign/vec4/a/d v000001801176eee0, 5, 6;
T_9.4 ;
    %load/vec4 v000001801176e620_0;
    %addi 1, 0, 32;
    %store/vec4 v000001801176e620_0, 0, 32;
    %jmp T_9.2;
T_9.3 ;
T_9.0 ;
    %jmp T_9;
    .thread T_9;
    .scope S_0000018011777610;
T_10 ;
T_10.0 ;
    %delay 500, 0;
    %load/vec4 v00000180117cff20_0;
    %inv;
    %store/vec4 v00000180117cff20_0, 0, 1;
    %jmp T_10.0;
    %end;
    .thread T_10;
    .scope S_0000018011777610;
T_11 ;
    %vpi_call/w 3 53 "$dumpfile", ".wave/top_dump.vcd" {0 0 0};
    %vpi_call/w 3 54 "$dumpvars", 32'sb00000000000000000000000001100100, S_0000018011777610 {0 0 0};
    %delay 0, 0;
    %pushi/vec4 0, 0, 1;
    %store/vec4 v00000180117cff20_0, 0, 1;
    %pushi/vec4 0, 0, 1;
    %store/vec4 v00000180117cfca0_0, 0, 1;
    %pushi/vec4 0, 0, 1;
    %store/vec4 v00000180117cfa20_0, 0, 1;
    %delay 1000000, 0;
    %pushi/vec4 1, 0, 1;
    %store/vec4 v00000180117cfa20_0, 0, 1;
    %pushi/vec4 180, 0, 16;
    %store/vec4 v00000180117d0560_0, 0, 16;
    %pushi/vec4 77, 0, 32;
    %store/vec4 v00000180117cf8e0_0, 0, 32;
    %pushi/vec4 15, 0, 4;
    %store/vec4 v00000180117cffc0_0, 0, 4;
    %delay 1000000, 0;
    %pushi/vec4 0, 0, 1;
    %store/vec4 v00000180117cfa20_0, 0, 1;
    %pushi/vec4 0, 0, 4;
    %store/vec4 v00000180117cffc0_0, 0, 4;
    %pushi/vec4 0, 0, 16;
    %store/vec4 v00000180117d0560_0, 0, 16;
    %delay 1000000, 0;
    %pushi/vec4 1, 0, 1;
    %store/vec4 v00000180117cfa20_0, 0, 1;
    %delay 10000000, 0;
    %vpi_call/w 3 76 "$writememb", ".wave/weight_bram_dump.mem", v000001801176eee0 {0 0 0};
    %vpi_call/w 3 77 "$finish" {0 0 0};
    %end;
    .thread T_11;
# The file index is used to find the file name in the following table.
:file_names 6;
    "N/A";
    "<interactive>";
    "-";
    ".\asymmetric_bram_tb.sv";
    "./bram/asymmetric_dual_port_bram.sv";
    "./bram/dual_port_bram.sv";
