#-----------------------------------------------------------
# Vivado v2024.1 (64-bit)
# SW Build 5076996 on Wed May 22 18:36:09 MDT 2024
# IP Build 5075265 on Wed May 22 21:45:21 MDT 2024
# SharedData Build 5076995 on Wed May 22 18:29:18 MDT 2024
# Start of session at: Fri Dec 13 15:23:40 2024
# Process ID: 15649
# Current directory: /home/andrew/Desktop/snn-soc/vivado
# Command line: vivado -mode tcl -source basys3_project.tcl
# Log file: /home/andrew/Desktop/snn-soc/vivado/vivado.log
# Journal file: /home/andrew/Desktop/snn-soc/vivado/vivado.jou
# Running On        :andrew-X510UAR
# Platform          :Ubuntu
# Operating System  :Ubuntu 22.04.4 LTS
# Processor Detail  :Intel(R) Core(TM) i5-8250U CPU @ 1.60GHz
# CPU Frequency     :3101.079 MHz
# CPU Physical cores:4
# CPU Logical cores :8
# Host memory       :8203 MB
# Swap memory       :2138 MB
# Total Virtual     :10341 MB
# Available Virtual :7180 MB
#-----------------------------------------------------------
source basys3_project.tcl
# create_project -force fpga_snn_microblaze ./fpga_snn_microblaze -part xc7a35tcpg236-1
create_project: Time (s): cpu = 00:00:13 ; elapsed = 00:00:14 . Memory (MB): peak = 1420.664 ; gain = 132.836 ; free physical = 595 ; free virtual = 6301
# add_files ../src/hdl/fifo/spk_in_fifo.sv
# add_files ../src/hdl/fifo/tile_idx_fifo.sv
# add_files ../src/hdl/fifo/weight_fifo.sv
# add_files ../src/hdl/fifo/mac_out_fifo.sv
# add_files ../src/hdl/snn/lif_array.sv
# add_files ../src/hdl/snn/synapse_array.sv
# add_files ../src/hdl/bram/dual_port_bram.sv
# add_files ../src/hdl/bram/lif_bram.sv
# add_files ../src/hdl/bram/xbar_bram.sv
# add_files ../src/hdl/bram/input_bram.sv
# add_files ../src/hdl/bram/bram_switcher.sv
# add_files ../src/hdl/scheduler/lif_scheduler.sv
# add_files ../src/hdl/scheduler/xbar_scheduler.sv
# add_files ../src/hdl/basys3-constraints.xdc
exit
INFO: [Common 17-206] Exiting Vivado at Fri Dec 13 15:24:16 2024...
