#-----------------------------------------------------------
# Vivado v2024.2 (64-bit)
# SW Build 5239630 on Fri Nov 08 22:35:27 MST 2024
# IP Build 5239520 on Sun Nov 10 16:12:51 MST 2024
# SharedData Build 5239561 on Fri Nov 08 14:39:27 MST 2024
# Start of session at: Tue Dec 17 18:10:05 2024
# Process ID         : 18996
# Current directory  : C:/Users/andre/Desktop/snn-fpga/vivado
# Command line       : vivado.exe -mode tcl -source .\basys3_project.tcl
# Log file           : C:/Users/andre/Desktop/snn-fpga/vivado/vivado.log
# Journal file       : C:/Users/andre/Desktop/snn-fpga/vivado\vivado.jou
# Running On         : DESKTOP-OVIC86T
# Platform           : Windows Server 2016 or Windows 10
# Operating System   : 19045
# Processor Detail   : Intel(R) Core(TM) i9-9880H CPU @ 2.30GHz
# CPU Frequency      : 2304 MHz
# CPU Physical cores : 8
# CPU Logical cores  : 16
# Host memory        : 34248 MB
# Swap memory        : 5100 MB
# Total Virtual      : 39349 MB
# Available Virtual  : 17542 MB
#-----------------------------------------------------------
source {.\basys3_project.tcl}
# create_project -force snn_fpga ./snn_fpga -part xc7a35tcpg236-1
# add_files ../src/hdl/fifo/spk_in_fifo.sv
# add_files ../src/hdl/fifo/tile_idx_fifo.sv
# add_files ../src/hdl/fifo/weight_fifo.sv
# add_files ../src/hdl/fifo/mac_out_fifo.sv
# add_files ../src/hdl/snn/lif_array.sv
# add_files ../src/hdl/snn/lif.sv
# add_files ../src/hdl/snn/synapse_array.sv
# add_files ../src/hdl/snn/synapse.sv
# add_files ../src/hdl/bram/dual_port_bram.sv
# add_files ../src/hdl/bram/lif_bram.sv
# add_files ../src/hdl/bram/xbar_bram.sv
# add_files ../src/hdl/bram/input_bram.sv
# add_files ../src/hdl/bram/bram_switcher.sv
# add_files ../src/hdl/bram/buff_idx_controller.sv
# add_files ../src/hdl/bram/bram.mem
# add_files ../src/hdl/scheduler/lif_scheduler.sv
# add_files ../src/hdl/scheduler/xbar_scheduler.sv
# add_files ../src/hdl/top.sv
# add_files ../src/hdl/basys3-constraints.xdc
# set_property top top [current_fileset]
Vivado% 