#-----------------------------------------------------------
# Vivado v2024.1 (64-bit)
# SW Build 5076996 on Wed May 22 18:37:14 MDT 2024
# IP Build 5075265 on Wed May 22 21:45:21 MDT 2024
# SharedData Build 5076995 on Wed May 22 18:29:18 MDT 2024
# Start of session at: Tue Dec 17 14:41:29 2024
# Process ID: 21188
# Current directory: C:/Users/andre/Desktop/snn-fpga/vivado
# Command line: vivado.exe -mode tcl -source .\basys3_project.tcl
# Log file: C:/Users/andre/Desktop/snn-fpga/vivado/vivado.log
# Journal file: C:/Users/andre/Desktop/snn-fpga/vivado\vivado.jou
# Running On        :DESKTOP-OVIC86T
# Platform          :Windows Server 2016 or Windows 10
# Operating System  :19045
# Processor Detail  :Intel(R) Core(TM) i9-9880H CPU @ 2.30GHz
# CPU Frequency     :2304 MHz
# CPU Physical cores:8
# CPU Logical cores :16
# Host memory       :34248 MB
# Swap memory       :5100 MB
# Total Virtual     :39349 MB
# Available Virtual :21562 MB
#-----------------------------------------------------------
source {.\basys3_project.tcl}
# create_project -force snn_fpga ./snn_fpga -part xc7a35tcpg236-1
ERROR: [Project 1-161] Failed to remove the directory 'C:/Users/andre/Desktop/snn-fpga/vivado/snn_fpga/snn_fpga.runs'. The directory might be in use by some other process.
Vivado% exit
INFO: [Common 17-206] Exiting Vivado at Tue Dec 17 14:41:42 2024...
