#-----------------------------------------------------------
# Vivado v2024.2 (64-bit)
# SW Build 5239630 on Fri Nov 08 22:35:27 MST 2024
# IP Build 5239520 on Sun Nov 10 16:12:51 MST 2024
# SharedData Build 5239561 on Fri Nov 08 14:39:27 MST 2024
# Start of session at: Sat Dec 28 12:07:18 2024
# Process ID         : 1648
# Current directory  : C:/Users/andre/Desktop/snn-fpga/vivado
# Command line       : vivado.exe -mode tcl -source .\basys3_project.tcl
# Log file           : C:/Users/andre/Desktop/snn-fpga/vivado/vivado.log
# Journal file       : C:/Users/andre/Desktop/snn-fpga/vivado\vivado.jou
# Running On         : DESKTOP-OVIC86T
# Platform           : Windows Server 2016 or Windows 10
# Operating System   : 19045
# Processor Detail   : Intel(R) Core(TM) i9-9880H CPU @ 2.30GHz
# CPU Frequency      : 2304 MHz
# CPU Physical cores : 8
# CPU Logical cores  : 16
# Host memory        : 34248 MB
# Swap memory        : 5100 MB
# Total Virtual      : 39349 MB
# Available Virtual  : 32880 MB
#-----------------------------------------------------------
source {.\basys3_project.tcl}
# create_project -force snn_fpga ./snn_fpga -part xc7a35tcpg236-1
# add_files ../src/hdl/bram/mem/input_bram.mem
# add_files ../src/hdl/bram/mem/mem_bram.mem
# add_files ../src/hdl/bram/mem/spk_in_bram.mem
# add_files ../src/hdl/bram/mem/weight_bram.mem
# add_files ../src/hdl/bram/mem/tile_idx_bram.mem
# add_files ../src/hdl/top_microblaze.sv
# add_files ../src/hdl/basys3-constraints.xdc
# source ../src/hdl/microblaze.tcl
## namespace eval _tcl {
## proc get_script_folder {} {
##    set script_path [file normalize [info script]]
##    set script_folder [file dirname $script_path]
##    return $script_folder
## }
## }
## variable script_folder
## set script_folder [_tcl::get_script_folder]
## set scripts_vivado_version 2024.2
## set current_vivado_version [version -short]
## if { [string first $scripts_vivado_version $current_vivado_version] == -1 } {
##    puts ""
##    if { [string compare $scripts_vivado_version $current_vivado_version] > 0 } {
##       catch {common::send_gid_msg -ssname BD::TCL -id 2042 -severity "ERROR" " This script was generated using Vivado <$scripts_vivado_version> and is being run in <$current_vivado_version> of Vivado. Sourcing the script failed since it was created with a future version of Vivado."}
## 
##    } else {
##      catch {common::send_gid_msg -ssname BD::TCL -id 2041 -severity "ERROR" "This script was generated using Vivado <$scripts_vivado_version> and is being run in <$current_vivado_version> of Vivado. Please run the script in Vivado <$scripts_vivado_version> then open the design in Vivado <$current_vivado_version>. Upgrade the design by running \"Tools => Report => Report IP Status...\", then run write_bd_tcl to create an updated script."}
## 
##    }
## 
##    return 1
## }
## set list_projs [get_projects -quiet]
## if { $list_projs eq "" } {
##    create_project project_1 myproj -part xc7a35tcpg236-1
## }
## variable design_name
## set design_name microblaze
## set errMsg ""
## set nRet 0
## set cur_design [current_bd_design -quiet]
## set list_cells [get_bd_cells -quiet]
## if { ${design_name} eq "" } {
##    # USE CASES:
##    #    1) Design_name not set
## 
##    set errMsg "Please set the variable <design_name> to a non-empty value."
##    set nRet 1
## 
## } elseif { ${cur_design} ne "" && ${list_cells} eq "" } {
##    # USE CASES:
##    #    2): Current design opened AND is empty AND names same.
##    #    3): Current design opened AND is empty AND names diff; design_name NOT in project.
##    #    4): Current design opened AND is empty AND names diff; design_name exists in project.
## 
##    if { $cur_design ne $design_name } {
##       common::send_gid_msg -ssname BD::TCL -id 2001 -severity "INFO" "Changing value of <design_name> from <$design_name> to <$cur_design> since current design is empty."
##       set design_name [get_property NAME $cur_design]
##    }
##    common::send_gid_msg -ssname BD::TCL -id 2002 -severity "INFO" "Constructing design in IPI design <$cur_design>..."
## 
## } elseif { ${cur_design} ne "" && $list_cells ne "" && $cur_design eq $design_name } {
##    # USE CASES:
##    #    5) Current design opened AND has components AND same names.
## 
##    set errMsg "Design <$design_name> already exists in your project, please set the variable <design_name> to another value."
##    set nRet 1
## } elseif { [get_files -quiet ${design_name}.bd] ne "" } {
##    # USE CASES: 
##    #    6) Current opened design, has components, but diff names, design_name exists in project.
##    #    7) No opened design, design_name exists in project.
## 
##    set errMsg "Design <$design_name> already exists in your project, please set the variable <design_name> to another value."
##    set nRet 2
## 
## } else {
##    # USE CASES:
##    #    8) No opened design, design_name not in project.
##    #    9) Current opened design, has components, but diff names, design_name not in project.
## 
##    common::send_gid_msg -ssname BD::TCL -id 2003 -severity "INFO" "Currently there is no design <$design_name> in project, so creating one..."
## 
##    create_bd_design $design_name
## 
##    common::send_gid_msg -ssname BD::TCL -id 2004 -severity "INFO" "Making design <$design_name> as current_bd_design."
##    current_bd_design $design_name
## 
## }
INFO: [BD::TCL 103-2003] Currently there is no design <microblaze> in project, so creating one...
Wrote  : <C:\Users\andre\Desktop\snn-fpga\vivado\snn_fpga\snn_fpga.srcs\sources_1\bd\microblaze\microblaze.bd> 
INFO: [BD::TCL 103-2004] Making design <microblaze> as current_bd_design.
## common::send_gid_msg -ssname BD::TCL -id 2005 -severity "INFO" "Currently the variable <design_name> is equal to \"$design_name\"."
INFO: [BD::TCL 103-2005] Currently the variable <design_name> is equal to "microblaze".
## if { $nRet != 0 } {
##    catch {common::send_gid_msg -ssname BD::TCL -id 2006 -severity "ERROR" $errMsg}
##    return $nRet
## }
## set bCheckIPsPassed 1
## set bCheckIPs 1
## if { $bCheckIPs == 1 } {
##    set list_check_ips "\ 
## xilinx.com:ip:clk_wiz:6.0\
## xilinx.com:ip:axi_uartlite:2.0\
## xilinx.com:ip:proc_sys_reset:5.0\
## xilinx.com:ip:axi_bram_ctrl:4.1\
## xilinx.com:ip:smartconnect:1.0\
## xilinx.com:ip:microblaze:11.0\
## xilinx.com:ip:mdm:3.2\
## xilinx.com:ip:axi_gpio:2.0\
## xilinx.com:ip:lmb_v10:3.0\
## xilinx.com:ip:lmb_bram_if_cntlr:4.0\
## xilinx.com:ip:blk_mem_gen:8.4\
## "
## 
##    set list_ips_missing ""
##    common::send_gid_msg -ssname BD::TCL -id 2011 -severity "INFO" "Checking if the following IPs exist in the project's IP catalog: $list_check_ips ."
## 
##    foreach ip_vlnv $list_check_ips {
##       set ip_obj [get_ipdefs -all $ip_vlnv]
##       if { $ip_obj eq "" } {
##          lappend list_ips_missing $ip_vlnv
##       }
##    }
## 
##    if { $list_ips_missing ne "" } {
##       catch {common::send_gid_msg -ssname BD::TCL -id 2012 -severity "ERROR" "The following IPs are not found in the IP Catalog:\n  $list_ips_missing\n\nResolution: Please add the repository containing the IP(s) to the project." }
##       set bCheckIPsPassed 0
##    }
## 
## }
INFO: [BD::TCL 103-2011] Checking if the following IPs exist in the project's IP catalog:  
xilinx.com:ip:clk_wiz:6.0 xilinx.com:ip:axi_uartlite:2.0 xilinx.com:ip:proc_sys_reset:5.0 xilinx.com:ip:axi_bram_ctrl:4.1 xilinx.com:ip:smartconnect:1.0 xilinx.com:ip:microblaze:11.0 xilinx.com:ip:mdm:3.2 xilinx.com:ip:axi_gpio:2.0 xilinx.com:ip:lmb_v10:3.0 xilinx.com:ip:lmb_bram_if_cntlr:4.0 xilinx.com:ip:blk_mem_gen:8.4  .
## if { $bCheckIPsPassed != 1 } {
##   common::send_gid_msg -ssname BD::TCL -id 2023 -severity "WARNING" "Will not continue with creation of design due to the error(s) above."
##   return 3
## }
## proc create_hier_cell_microblaze_0_local_memory { parentCell nameHier } {
## 
##   variable script_folder
## 
##   if { $parentCell eq "" || $nameHier eq "" } {
##      catch {common::send_gid_msg -ssname BD::TCL -id 2092 -severity "ERROR" "create_hier_cell_microblaze_0_local_memory() - Empty argument(s)!"}
##      return
##   }
## 
##   # Get object for parentCell
##   set parentObj [get_bd_cells $parentCell]
##   if { $parentObj == "" } {
##      catch {common::send_gid_msg -ssname BD::TCL -id 2090 -severity "ERROR" "Unable to find parent cell <$parentCell>!"}
##      return
##   }
## 
##   # Make sure parentObj is hier blk
##   set parentType [get_property TYPE $parentObj]
##   if { $parentType ne "hier" } {
##      catch {common::send_gid_msg -ssname BD::TCL -id 2091 -severity "ERROR" "Parent <$parentObj> has TYPE = <$parentType>. Expected to be <hier>."}
##      return
##   }
## 
##   # Save current instance; Restore later
##   set oldCurInst [current_bd_instance .]
## 
##   # Set parent object as current
##   current_bd_instance $parentObj
## 
##   # Create cell and set as current instance
##   set hier_obj [create_bd_cell -type hier $nameHier]
##   current_bd_instance $hier_obj
## 
##   # Create interface pins
##   create_bd_intf_pin -mode MirroredMaster -vlnv xilinx.com:interface:lmb_rtl:1.0 DLMB
## 
##   create_bd_intf_pin -mode MirroredMaster -vlnv xilinx.com:interface:lmb_rtl:1.0 ILMB
## 
## 
##   # Create pins
##   create_bd_pin -dir I -type clk LMB_Clk
##   create_bd_pin -dir I -type rst SYS_Rst
## 
##   # Create instance: dlmb_v10, and set properties
##   set dlmb_v10 [ create_bd_cell -type ip -vlnv xilinx.com:ip:lmb_v10:3.0 dlmb_v10 ]
## 
##   # Create instance: ilmb_v10, and set properties
##   set ilmb_v10 [ create_bd_cell -type ip -vlnv xilinx.com:ip:lmb_v10:3.0 ilmb_v10 ]
## 
##   # Create instance: dlmb_bram_if_cntlr, and set properties
##   set dlmb_bram_if_cntlr [ create_bd_cell -type ip -vlnv xilinx.com:ip:lmb_bram_if_cntlr:4.0 dlmb_bram_if_cntlr ]
##   set_property CONFIG.C_ECC {0} $dlmb_bram_if_cntlr
## 
## 
##   # Create instance: ilmb_bram_if_cntlr, and set properties
##   set ilmb_bram_if_cntlr [ create_bd_cell -type ip -vlnv xilinx.com:ip:lmb_bram_if_cntlr:4.0 ilmb_bram_if_cntlr ]
##   set_property CONFIG.C_ECC {0} $ilmb_bram_if_cntlr
## 
## 
##   # Create instance: lmb_bram, and set properties
##   set lmb_bram [ create_bd_cell -type ip -vlnv xilinx.com:ip:blk_mem_gen:8.4 lmb_bram ]
##   set_property -dict [list \
##     CONFIG.Memory_Type {True_Dual_Port_RAM} \
##     CONFIG.use_bram_block {BRAM_Controller} \
##   ] $lmb_bram
## 
## 
##   # Create interface connections
##   connect_bd_intf_net -intf_net microblaze_0_dlmb [get_bd_intf_pins dlmb_v10/LMB_M] [get_bd_intf_pins DLMB]
##   connect_bd_intf_net -intf_net microblaze_0_dlmb_bus [get_bd_intf_pins dlmb_v10/LMB_Sl_0] [get_bd_intf_pins dlmb_bram_if_cntlr/SLMB]
##   connect_bd_intf_net -intf_net microblaze_0_dlmb_cntlr [get_bd_intf_pins dlmb_bram_if_cntlr/BRAM_PORT] [get_bd_intf_pins lmb_bram/BRAM_PORTA]
##   connect_bd_intf_net -intf_net microblaze_0_ilmb [get_bd_intf_pins ilmb_v10/LMB_M] [get_bd_intf_pins ILMB]
##   connect_bd_intf_net -intf_net microblaze_0_ilmb_bus [get_bd_intf_pins ilmb_v10/LMB_Sl_0] [get_bd_intf_pins ilmb_bram_if_cntlr/SLMB]
##   connect_bd_intf_net -intf_net microblaze_0_ilmb_cntlr [get_bd_intf_pins ilmb_bram_if_cntlr/BRAM_PORT] [get_bd_intf_pins lmb_bram/BRAM_PORTB]
## 
##   # Create port connections
##   connect_bd_net -net SYS_Rst_1  [get_bd_pins SYS_Rst] \
##   [get_bd_pins dlmb_v10/SYS_Rst] \
##   [get_bd_pins dlmb_bram_if_cntlr/LMB_Rst] \
##   [get_bd_pins ilmb_v10/SYS_Rst] \
##   [get_bd_pins ilmb_bram_if_cntlr/LMB_Rst]
##   connect_bd_net -net microblaze_0_Clk  [get_bd_pins LMB_Clk] \
##   [get_bd_pins dlmb_v10/LMB_Clk] \
##   [get_bd_pins dlmb_bram_if_cntlr/LMB_Clk] \
##   [get_bd_pins ilmb_v10/LMB_Clk] \
##   [get_bd_pins ilmb_bram_if_cntlr/LMB_Clk]
## 
##   # Restore current instance
##   current_bd_instance $oldCurInst
## }
## proc create_root_design { parentCell } {
## 
##   variable script_folder
##   variable design_name
## 
##   if { $parentCell eq "" } {
##      set parentCell [get_bd_cells /]
##   }
## 
##   # Get object for parentCell
##   set parentObj [get_bd_cells $parentCell]
##   if { $parentObj == "" } {
##      catch {common::send_gid_msg -ssname BD::TCL -id 2090 -severity "ERROR" "Unable to find parent cell <$parentCell>!"}
##      return
##   }
## 
##   # Make sure parentObj is hier blk
##   set parentType [get_property TYPE $parentObj]
##   if { $parentType ne "hier" } {
##      catch {common::send_gid_msg -ssname BD::TCL -id 2091 -severity "ERROR" "Parent <$parentObj> has TYPE = <$parentType>. Expected to be <hier>."}
##      return
##   }
## 
##   # Save current instance; Restore later
##   set oldCurInst [current_bd_instance .]
## 
##   # Set parent object as current
##   current_bd_instance $parentObj
## 
## 
##   # Create interface ports
##   set uart [ create_bd_intf_port -mode Master -vlnv xilinx.com:interface:uart_rtl:1.0 uart ]
## 
##   set BRAM_WEIGHT [ create_bd_intf_port -mode Master -vlnv xilinx.com:interface:bram_rtl:1.0 BRAM_WEIGHT ]
##   set_property -dict [ list \
##    CONFIG.MASTER_TYPE {BRAM_CTRL} \
##    CONFIG.READ_WRITE_MODE {READ_WRITE} \
##    ] $BRAM_WEIGHT
## 
##   set BRAM_SPK [ create_bd_intf_port -mode Master -vlnv xilinx.com:interface:bram_rtl:1.0 BRAM_SPK ]
##   set_property -dict [ list \
##    CONFIG.MASTER_TYPE {BRAM_CTRL} \
##    CONFIG.READ_WRITE_MODE {READ_WRITE} \
##    ] $BRAM_SPK
## 
##   set BRAM_INPUT [ create_bd_intf_port -mode Master -vlnv xilinx.com:interface:bram_rtl:1.0 BRAM_INPUT ]
##   set_property -dict [ list \
##    CONFIG.MASTER_TYPE {BRAM_CTRL} \
##    CONFIG.READ_WRITE_MODE {READ_WRITE} \
##    ] $BRAM_INPUT
## 
##   set BRAM_TILE_IDX [ create_bd_intf_port -mode Master -vlnv xilinx.com:interface:bram_rtl:1.0 BRAM_TILE_IDX ]
##   set_property -dict [ list \
##    CONFIG.MASTER_TYPE {BRAM_CTRL} \
##    CONFIG.READ_WRITE_MODE {READ_WRITE} \
##    ] $BRAM_TILE_IDX
## 
##   set snn_in [ create_bd_intf_port -mode Master -vlnv xilinx.com:interface:gpio_rtl:1.0 snn_in ]
## 
##   set snn_en [ create_bd_intf_port -mode Master -vlnv xilinx.com:interface:gpio_rtl:1.0 snn_en ]
## 
## 
##   # Create ports
##   set clk [ create_bd_port -dir I -type clk -freq_hz 100000000 clk ]
##   set rst [ create_bd_port -dir I -type rst rst ]
##   set_property -dict [ list \
##    CONFIG.POLARITY {ACTIVE_LOW} \
##  ] $rst
## 
##   # Create instance: clk_wiz_0, and set properties
##   set clk_wiz_0 [ create_bd_cell -type ip -vlnv xilinx.com:ip:clk_wiz:6.0 clk_wiz_0 ]
## 
##   # Create instance: axi_uartlite_0, and set properties
##   set axi_uartlite_0 [ create_bd_cell -type ip -vlnv xilinx.com:ip:axi_uartlite:2.0 axi_uartlite_0 ]
##   set_property CONFIG.C_BAUDRATE {115200} $axi_uartlite_0
## 
## 
##   # Create instance: rst_clk_wiz_0_100M, and set properties
##   set rst_clk_wiz_0_100M [ create_bd_cell -type ip -vlnv xilinx.com:ip:proc_sys_reset:5.0 rst_clk_wiz_0_100M ]
## 
##   # Create instance: axi_bram_ctrl_0, and set properties
##   set axi_bram_ctrl_0 [ create_bd_cell -type ip -vlnv xilinx.com:ip:axi_bram_ctrl:4.1 axi_bram_ctrl_0 ]
##   set_property -dict [list \
##     CONFIG.DATA_WIDTH {32} \
##     CONFIG.PROTOCOL {AXI4} \
##     CONFIG.READ_LATENCY {2} \
##     CONFIG.SINGLE_PORT_BRAM {1} \
##   ] $axi_bram_ctrl_0
## 
## 
##   # Create instance: axi_bram_ctrl_1, and set properties
##   set axi_bram_ctrl_1 [ create_bd_cell -type ip -vlnv xilinx.com:ip:axi_bram_ctrl:4.1 axi_bram_ctrl_1 ]
##   set_property -dict [list \
##     CONFIG.READ_LATENCY {2} \
##     CONFIG.SINGLE_PORT_BRAM {1} \
##   ] $axi_bram_ctrl_1
## 
## 
##   # Create instance: axi_bram_ctrl_2, and set properties
##   set axi_bram_ctrl_2 [ create_bd_cell -type ip -vlnv xilinx.com:ip:axi_bram_ctrl:4.1 axi_bram_ctrl_2 ]
##   set_property -dict [list \
##     CONFIG.DATA_WIDTH {32} \
##     CONFIG.READ_LATENCY {2} \
##     CONFIG.SINGLE_PORT_BRAM {1} \
##   ] $axi_bram_ctrl_2
## 
## 
##   # Create instance: axi_bram_ctrl_3, and set properties
##   set axi_bram_ctrl_3 [ create_bd_cell -type ip -vlnv xilinx.com:ip:axi_bram_ctrl:4.1 axi_bram_ctrl_3 ]
##   set_property -dict [list \
##     CONFIG.READ_LATENCY {2} \
##     CONFIG.SINGLE_PORT_BRAM {1} \
##   ] $axi_bram_ctrl_3
## 
## 
##   # Create instance: axi_smc, and set properties
##   set axi_smc [ create_bd_cell -type ip -vlnv xilinx.com:ip:smartconnect:1.0 axi_smc ]
##   set_property -dict [list \
##     CONFIG.NUM_MI {6} \
##     CONFIG.NUM_SI {1} \
##   ] $axi_smc
## 
## 
##   # Create instance: microblaze_0, and set properties
##   set microblaze_0 [ create_bd_cell -type ip -vlnv xilinx.com:ip:microblaze:11.0 microblaze_0 ]
##   set_property -dict [list \
##     CONFIG.C_DEBUG_ENABLED {1} \
##     CONFIG.C_D_AXI {1} \
##     CONFIG.C_D_LMB {1} \
##     CONFIG.C_I_LMB {1} \
##   ] $microblaze_0
## 
## 
##   # Create instance: microblaze_0_local_memory
##   create_hier_cell_microblaze_0_local_memory [current_bd_instance .] microblaze_0_local_memory
## 
##   # Create instance: mdm_1, and set properties
##   set mdm_1 [ create_bd_cell -type ip -vlnv xilinx.com:ip:mdm:3.2 mdm_1 ]
## 
##   # Create instance: axi_gpio_0, and set properties
##   set axi_gpio_0 [ create_bd_cell -type ip -vlnv xilinx.com:ip:axi_gpio:2.0 axi_gpio_0 ]
##   set_property -dict [list \
##     CONFIG.C_ALL_INPUTS {1} \
##     CONFIG.C_ALL_OUTPUTS_2 {1} \
##     CONFIG.C_GPIO2_WIDTH {1} \
##     CONFIG.C_GPIO_WIDTH {2} \
##     CONFIG.C_IS_DUAL {1} \
##   ] $axi_gpio_0
## 
## 
##   # Create interface connections
##   connect_bd_intf_net -intf_net axi_bram_ctrl_0_BRAM_PORTA [get_bd_intf_ports BRAM_WEIGHT] [get_bd_intf_pins axi_bram_ctrl_0/BRAM_PORTA]
##   connect_bd_intf_net -intf_net axi_bram_ctrl_1_BRAM_PORTA [get_bd_intf_ports BRAM_SPK] [get_bd_intf_pins axi_bram_ctrl_1/BRAM_PORTA]
##   connect_bd_intf_net -intf_net axi_bram_ctrl_2_BRAM_PORTA [get_bd_intf_ports BRAM_INPUT] [get_bd_intf_pins axi_bram_ctrl_2/BRAM_PORTA]
##   connect_bd_intf_net -intf_net axi_bram_ctrl_3_BRAM_PORTA [get_bd_intf_ports BRAM_TILE_IDX] [get_bd_intf_pins axi_bram_ctrl_3/BRAM_PORTA]
##   connect_bd_intf_net -intf_net axi_gpio_0_GPIO [get_bd_intf_ports snn_in] [get_bd_intf_pins axi_gpio_0/GPIO]
##   connect_bd_intf_net -intf_net axi_gpio_0_GPIO2 [get_bd_intf_ports snn_en] [get_bd_intf_pins axi_gpio_0/GPIO2]
##   connect_bd_intf_net -intf_net axi_smc_M00_AXI [get_bd_intf_pins axi_smc/M00_AXI] [get_bd_intf_pins axi_bram_ctrl_0/S_AXI]
##   connect_bd_intf_net -intf_net axi_smc_M01_AXI [get_bd_intf_pins axi_smc/M01_AXI] [get_bd_intf_pins axi_bram_ctrl_1/S_AXI]
##   connect_bd_intf_net -intf_net axi_smc_M02_AXI [get_bd_intf_pins axi_smc/M02_AXI] [get_bd_intf_pins axi_bram_ctrl_2/S_AXI]
##   connect_bd_intf_net -intf_net axi_smc_M03_AXI [get_bd_intf_pins axi_smc/M03_AXI] [get_bd_intf_pins axi_bram_ctrl_3/S_AXI]
##   connect_bd_intf_net -intf_net axi_smc_M04_AXI [get_bd_intf_pins axi_smc/M04_AXI] [get_bd_intf_pins axi_uartlite_0/S_AXI]
##   connect_bd_intf_net -intf_net axi_smc_M05_AXI [get_bd_intf_pins axi_smc/M05_AXI] [get_bd_intf_pins axi_gpio_0/S_AXI]
##   connect_bd_intf_net -intf_net axi_uartlite_0_UART [get_bd_intf_ports uart] [get_bd_intf_pins axi_uartlite_0/UART]
##   connect_bd_intf_net -intf_net microblaze_0_M_AXI_DP [get_bd_intf_pins microblaze_0/M_AXI_DP] [get_bd_intf_pins axi_smc/S00_AXI]
##   connect_bd_intf_net -intf_net microblaze_0_debug [get_bd_intf_pins mdm_1/MBDEBUG_0] [get_bd_intf_pins microblaze_0/DEBUG]
##   connect_bd_intf_net -intf_net microblaze_0_dlmb_1 [get_bd_intf_pins microblaze_0/DLMB] [get_bd_intf_pins microblaze_0_local_memory/DLMB]
##   connect_bd_intf_net -intf_net microblaze_0_ilmb_1 [get_bd_intf_pins microblaze_0/ILMB] [get_bd_intf_pins microblaze_0_local_memory/ILMB]
## 
##   # Create port connections
##   connect_bd_net -net clk_100MHz_1  [get_bd_ports clk] \
##   [get_bd_pins clk_wiz_0/clk_in1]
##   connect_bd_net -net clk_wiz_0_locked  [get_bd_pins clk_wiz_0/locked] \
##   [get_bd_pins rst_clk_wiz_0_100M/dcm_locked]
##   connect_bd_net -net mdm_1_debug_sys_rst  [get_bd_pins mdm_1/Debug_SYS_Rst] \
##   [get_bd_pins rst_clk_wiz_0_100M/mb_debug_sys_rst] \
##   [get_bd_pins clk_wiz_0/reset]
##   connect_bd_net -net microblaze_0_Clk  [get_bd_pins clk_wiz_0/clk_out1] \
##   [get_bd_pins rst_clk_wiz_0_100M/slowest_sync_clk] \
##   [get_bd_pins axi_uartlite_0/s_axi_aclk] \
##   [get_bd_pins axi_bram_ctrl_0/s_axi_aclk] \
##   [get_bd_pins axi_bram_ctrl_1/s_axi_aclk] \
##   [get_bd_pins axi_bram_ctrl_2/s_axi_aclk] \
##   [get_bd_pins axi_bram_ctrl_3/s_axi_aclk] \
##   [get_bd_pins axi_smc/aclk] \
##   [get_bd_pins microblaze_0/Clk] \
##   [get_bd_pins microblaze_0_local_memory/LMB_Clk] \
##   [get_bd_pins axi_gpio_0/s_axi_aclk]
##   connect_bd_net -net reset_rtl_0_1  [get_bd_ports rst] \
##   [get_bd_pins rst_clk_wiz_0_100M/ext_reset_in]
##   connect_bd_net -net rst_clk_wiz_0_100M_bus_struct_reset  [get_bd_pins rst_clk_wiz_0_100M/bus_struct_reset] \
##   [get_bd_pins microblaze_0_local_memory/SYS_Rst]
##   connect_bd_net -net rst_clk_wiz_0_100M_mb_reset  [get_bd_pins rst_clk_wiz_0_100M/mb_reset] \
##   [get_bd_pins microblaze_0/Reset]
##   connect_bd_net -net rst_clk_wiz_0_100M_peripheral_aresetn  [get_bd_pins rst_clk_wiz_0_100M/peripheral_aresetn] \
##   [get_bd_pins axi_uartlite_0/s_axi_aresetn] \
##   [get_bd_pins axi_bram_ctrl_0/s_axi_aresetn] \
##   [get_bd_pins axi_bram_ctrl_1/s_axi_aresetn] \
##   [get_bd_pins axi_bram_ctrl_2/s_axi_aresetn] \
##   [get_bd_pins axi_bram_ctrl_3/s_axi_aresetn] \
##   [get_bd_pins axi_smc/aresetn] \
##   [get_bd_pins axi_gpio_0/s_axi_aresetn]
## 
##   # Create address segments
##   assign_bd_address -offset 0xC0000000 -range 0x00002000 -target_address_space [get_bd_addr_spaces microblaze_0/Data] [get_bd_addr_segs axi_bram_ctrl_0/S_AXI/Mem0] -force
##   assign_bd_address -offset 0xC2000000 -range 0x00002000 -target_address_space [get_bd_addr_spaces microblaze_0/Data] [get_bd_addr_segs axi_bram_ctrl_1/S_AXI/Mem0] -force
##   assign_bd_address -offset 0xC4000000 -range 0x00002000 -target_address_space [get_bd_addr_spaces microblaze_0/Data] [get_bd_addr_segs axi_bram_ctrl_2/S_AXI/Mem0] -force
##   assign_bd_address -offset 0xC6000000 -range 0x00002000 -target_address_space [get_bd_addr_spaces microblaze_0/Data] [get_bd_addr_segs axi_bram_ctrl_3/S_AXI/Mem0] -force
##   assign_bd_address -offset 0x40000000 -range 0x00010000 -target_address_space [get_bd_addr_spaces microblaze_0/Data] [get_bd_addr_segs axi_gpio_0/S_AXI/Reg] -force
##   assign_bd_address -offset 0x40600000 -range 0x00010000 -target_address_space [get_bd_addr_spaces microblaze_0/Data] [get_bd_addr_segs axi_uartlite_0/S_AXI/Reg] -force
##   assign_bd_address -offset 0x00000000 -range 0x00004000 -target_address_space [get_bd_addr_spaces microblaze_0/Data] [get_bd_addr_segs microblaze_0_local_memory/dlmb_bram_if_cntlr/SLMB/Mem] -force
##   assign_bd_address -offset 0x00000000 -range 0x00004000 -target_address_space [get_bd_addr_spaces microblaze_0/Instruction] [get_bd_addr_segs microblaze_0_local_memory/ilmb_bram_if_cntlr/SLMB/Mem] -force
## 
## 
##   # Restore current instance
##   current_bd_instance $oldCurInst
## 
##   validate_bd_design
##   save_bd_design
## }
## create_root_design ""
INFO: [Device 21-403] Loading part xc7a35tcpg236-1
create_bd_cell: Time (s): cpu = 00:00:04 ; elapsed = 00:00:10 . Memory (MB): peak = 568.582 ; gain = 215.160
INFO: [xilinx.com:ip:axi_bram_ctrl:4.1-2] microblaze_axi_bram_ctrl_0_0: In IP Integrator, please note that memory depth value gets calculated based on the Data Width of the IP and Address range selected in the Address Editor.Incase a validation error occured on the range of this parameter, please check if the selected Data width and the Address Range are valid. For valid Data width and memory depth values, please refer to the AXI BRAM Controller Product Guide.
INFO: [xilinx.com:ip:axi_bram_ctrl:4.1-1] microblaze_axi_bram_ctrl_0_0: In IP Integrator, The Maximum address range supported is 2G. Selecting the address range more than 2G in the address editor may resets the value of Memory depth to default value (1024). please refer to the AXI BRAM Controller Product Guide.
INFO: [xilinx.com:ip:axi_bram_ctrl:4.1-2] microblaze_axi_bram_ctrl_1_0: In IP Integrator, please note that memory depth value gets calculated based on the Data Width of the IP and Address range selected in the Address Editor.Incase a validation error occured on the range of this parameter, please check if the selected Data width and the Address Range are valid. For valid Data width and memory depth values, please refer to the AXI BRAM Controller Product Guide.
INFO: [xilinx.com:ip:axi_bram_ctrl:4.1-1] microblaze_axi_bram_ctrl_1_0: In IP Integrator, The Maximum address range supported is 2G. Selecting the address range more than 2G in the address editor may resets the value of Memory depth to default value (1024). please refer to the AXI BRAM Controller Product Guide.
INFO: [xilinx.com:ip:axi_bram_ctrl:4.1-2] microblaze_axi_bram_ctrl_2_0: In IP Integrator, please note that memory depth value gets calculated based on the Data Width of the IP and Address range selected in the Address Editor.Incase a validation error occured on the range of this parameter, please check if the selected Data width and the Address Range are valid. For valid Data width and memory depth values, please refer to the AXI BRAM Controller Product Guide.
INFO: [xilinx.com:ip:axi_bram_ctrl:4.1-1] microblaze_axi_bram_ctrl_2_0: In IP Integrator, The Maximum address range supported is 2G. Selecting the address range more than 2G in the address editor may resets the value of Memory depth to default value (1024). please refer to the AXI BRAM Controller Product Guide.
INFO: [xilinx.com:ip:axi_bram_ctrl:4.1-2] microblaze_axi_bram_ctrl_3_0: In IP Integrator, please note that memory depth value gets calculated based on the Data Width of the IP and Address range selected in the Address Editor.Incase a validation error occured on the range of this parameter, please check if the selected Data width and the Address Range are valid. For valid Data width and memory depth values, please refer to the AXI BRAM Controller Product Guide.
INFO: [xilinx.com:ip:axi_bram_ctrl:4.1-1] microblaze_axi_bram_ctrl_3_0: In IP Integrator, The Maximum address range supported is 2G. Selecting the address range more than 2G in the address editor may resets the value of Memory depth to default value (1024). please refer to the AXI BRAM Controller Product Guide.
Slave segment '/axi_bram_ctrl_0/S_AXI/Mem0' is being assigned into address space '/microblaze_0/Data' at <0xC000_0000 [ 8K ]>.
Slave segment '/axi_bram_ctrl_1/S_AXI/Mem0' is being assigned into address space '/microblaze_0/Data' at <0xC200_0000 [ 8K ]>.
Slave segment '/axi_bram_ctrl_2/S_AXI/Mem0' is being assigned into address space '/microblaze_0/Data' at <0xC400_0000 [ 8K ]>.
Slave segment '/axi_bram_ctrl_3/S_AXI/Mem0' is being assigned into address space '/microblaze_0/Data' at <0xC600_0000 [ 8K ]>.
Slave segment '/axi_gpio_0/S_AXI/Reg' is being assigned into address space '/microblaze_0/Data' at <0x4000_0000 [ 64K ]>.
Slave segment '/axi_uartlite_0/S_AXI/Reg' is being assigned into address space '/microblaze_0/Data' at <0x4060_0000 [ 64K ]>.
Slave segment '/microblaze_0_local_memory/dlmb_bram_if_cntlr/SLMB/Mem' is being assigned into address space '/microblaze_0/Data' at <0x0000_0000 [ 16K ]>.
Slave segment '/microblaze_0_local_memory/ilmb_bram_if_cntlr/SLMB/Mem' is being assigned into address space '/microblaze_0/Instruction' at <0x0000_0000 [ 16K ]>.
INFO: [BD 5-943] Reserving offset range <0xC000_0000 [ 8K ]> from slave interface '/axi_smc/S00_AXI' to master interface '/axi_smc/M00_AXI'. This will be used by smartconnect on path for routing.
INFO: [BD 5-943] Reserving offset range <0xC200_0000 [ 8K ]> from slave interface '/axi_smc/S00_AXI' to master interface '/axi_smc/M01_AXI'. This will be used by smartconnect on path for routing.
INFO: [BD 5-943] Reserving offset range <0xC400_0000 [ 8K ]> from slave interface '/axi_smc/S00_AXI' to master interface '/axi_smc/M02_AXI'. This will be used by smartconnect on path for routing.
INFO: [BD 5-943] Reserving offset range <0xC600_0000 [ 8K ]> from slave interface '/axi_smc/S00_AXI' to master interface '/axi_smc/M03_AXI'. This will be used by smartconnect on path for routing.
INFO: [BD 5-943] Reserving offset range <0x4060_0000 [ 64K ]> from slave interface '/axi_smc/S00_AXI' to master interface '/axi_smc/M04_AXI'. This will be used by smartconnect on path for routing.
INFO: [BD 5-943] Reserving offset range <0x4000_0000 [ 64K ]> from slave interface '/axi_smc/S00_AXI' to master interface '/axi_smc/M05_AXI'. This will be used by smartconnect on path for routing.
INFO: [xilinx.com:ip:smartconnect:1.0-1] microblaze_axi_smc_0: SmartConnect microblaze_axi_smc_0 is in Low-Area Mode.
WARNING: [filemgmt 56-443] The ECC Algorithm string is empty. Setting the Memory Map to default ECC value to ECC_NONE.
INFO: [xilinx.com:ip:clk_wiz:6.0-1] /clk_wiz_0 clk_wiz propagate
INFO: [xilinx.com:ip:microblaze:11.0-9] /microblaze_0: Setting C_BASE_VECTORS to 0x00000000.
validate_bd_design: Time (s): cpu = 00:00:06 ; elapsed = 00:00:08 . Memory (MB): peak = 756.055 ; gain = 121.285
Wrote  : <C:\Users\andre\Desktop\snn-fpga\vivado\snn_fpga\snn_fpga.srcs\sources_1\bd\microblaze\microblaze.bd> 
# make_wrapper -files [get_files microblaze.bd] -top
INFO: [BD 41-1662] The design 'microblaze.bd' is already validated. Therefore parameter propagation will not be re-run.
WARNING: [filemgmt 56-443] The ECC Algorithm string is empty. Setting the Memory Map to default ECC value to ECC_NONE.
WARNING: [filemgmt 56-443] The ECC Algorithm string is empty. Setting the Memory Map to default ECC value to ECC_NONE.
Verilog Output written to : C:/Users/andre/Desktop/snn-fpga/vivado/snn_fpga/snn_fpga.gen/sources_1/bd/microblaze/synth/microblaze.v
Verilog Output written to : C:/Users/andre/Desktop/snn-fpga/vivado/snn_fpga/snn_fpga.gen/sources_1/bd/microblaze/sim/microblaze.v
Verilog Output written to : C:/Users/andre/Desktop/snn-fpga/vivado/snn_fpga/snn_fpga.gen/sources_1/bd/microblaze/hdl/microblaze_wrapper.v
# add_files -norecurse ./snn_fpga/snn_fpga.gen/sources_1/bd/microblaze/hdl/microblaze_wrapper.v
# set_property include_dirs {../src/hdl/ ../src/hdl/bram ../src/hdl/snn ../src/hdl/fifo ../src/hdl/bram/mem} [current_fileset]
# set_property top top_microblaze [current_fileset]
# launch_runs impl_1 -to_step write_bitstream -jobs 12
INFO: [BD 41-1662] The design 'microblaze.bd' is already validated. Therefore parameter propagation will not be re-run.
WARNING: [filemgmt 56-443] The ECC Algorithm string is empty. Setting the Memory Map to default ECC value to ECC_NONE.
WARNING: [filemgmt 56-443] The ECC Algorithm string is empty. Setting the Memory Map to default ECC value to ECC_NONE.
Verilog Output written to : C:/Users/andre/Desktop/snn-fpga/vivado/snn_fpga/snn_fpga.gen/sources_1/bd/microblaze/synth/microblaze.v
Verilog Output written to : C:/Users/andre/Desktop/snn-fpga/vivado/snn_fpga/snn_fpga.gen/sources_1/bd/microblaze/sim/microblaze.v
Verilog Output written to : C:/Users/andre/Desktop/snn-fpga/vivado/snn_fpga/snn_fpga.gen/sources_1/bd/microblaze/hdl/microblaze_wrapper.v
INFO: [BD 41-1029] Generation completed for the IP Integrator block clk_wiz_0 .
WARNING: [IP_Flow 19-4994] Overwriting existing constraint file 'c:/Users/andre/Desktop/snn-fpga/vivado/snn_fpga/snn_fpga.gen/sources_1/bd/microblaze/ip/microblaze_axi_uartlite_0_0/microblaze_axi_uartlite_0_0_ooc.xdc'
INFO: [BD 41-1029] Generation completed for the IP Integrator block axi_uartlite_0 .
INFO: [BD 41-1029] Generation completed for the IP Integrator block rst_clk_wiz_0_100M .
INFO: [BD 41-1029] Generation completed for the IP Integrator block axi_bram_ctrl_0 .
INFO: [BD 41-1029] Generation completed for the IP Integrator block axi_bram_ctrl_1 .
INFO: [BD 41-1029] Generation completed for the IP Integrator block axi_bram_ctrl_2 .
INFO: [BD 41-1029] Generation completed for the IP Integrator block axi_bram_ctrl_3 .
Exporting to file c:/Users/andre/Desktop/snn-fpga/vivado/snn_fpga/snn_fpga.gen/sources_1/bd/microblaze/ip/microblaze_axi_smc_0/bd_0/hw_handoff/microblaze_axi_smc_0.hwh
Generated Hardware Definition File c:/Users/andre/Desktop/snn-fpga/vivado/snn_fpga/snn_fpga.gen/sources_1/bd/microblaze/ip/microblaze_axi_smc_0/bd_0/synth/microblaze_axi_smc_0.hwdef
INFO: [BD 41-1029] Generation completed for the IP Integrator block axi_smc .
INFO: [BD 41-1029] Generation completed for the IP Integrator block microblaze_0 .
INFO: [BD 41-1029] Generation completed for the IP Integrator block microblaze_0_local_memory/dlmb_v10 .
INFO: [BD 41-1029] Generation completed for the IP Integrator block microblaze_0_local_memory/ilmb_v10 .
INFO: [BD 41-1029] Generation completed for the IP Integrator block microblaze_0_local_memory/dlmb_bram_if_cntlr .
INFO: [BD 41-1029] Generation completed for the IP Integrator block microblaze_0_local_memory/ilmb_bram_if_cntlr .
INFO: [BD 41-1029] Generation completed for the IP Integrator block microblaze_0_local_memory/lmb_bram .
INFO: [BD 41-1029] Generation completed for the IP Integrator block mdm_1 .
INFO: [BD 41-1029] Generation completed for the IP Integrator block axi_gpio_0 .
Exporting to file C:/Users/andre/Desktop/snn-fpga/vivado/snn_fpga/snn_fpga.gen/sources_1/bd/microblaze/hw_handoff/microblaze.hwh
Generated Hardware Definition File C:/Users/andre/Desktop/snn-fpga/vivado/snn_fpga/snn_fpga.gen/sources_1/bd/microblaze/synth/microblaze.hwdef
INFO: [IP_Flow 19-6930] IPCACHE: runCacheChecks() number of threads = 8
INFO: [IP_Flow 19-6921] IPCACHE: Adding cache check func to thread queue for IP microblaze_axi_bram_ctrl_0_0
INFO: [IP_Flow 19-6921] IPCACHE: Adding cache check func to thread queue for IP microblaze_axi_bram_ctrl_1_0
INFO: [IP_Flow 19-6921] IPCACHE: Adding cache check func to thread queue for IP microblaze_axi_bram_ctrl_2_0
INFO: [IP_Flow 19-6921] IPCACHE: Adding cache check func to thread queue for IP microblaze_axi_bram_ctrl_3_0
INFO: [IP_Flow 19-6921] IPCACHE: Adding cache check func to thread queue for IP microblaze_axi_gpio_0_0
INFO: [IP_Flow 19-6921] IPCACHE: Adding cache check func to thread queue for IP microblaze_axi_smc_0
INFO: [IP_Flow 19-6921] IPCACHE: Adding cache check func to thread queue for IP microblaze_axi_uartlite_0_0
INFO: [IP_Flow 19-6921] IPCACHE: Adding cache check func to thread queue for IP microblaze_clk_wiz_0_0
INFO: [IP_Flow 19-6921] IPCACHE: Adding cache check func to thread queue for IP microblaze_dlmb_bram_if_cntlr_0
INFO: [IP_Flow 19-6921] IPCACHE: Adding cache check func to thread queue for IP microblaze_dlmb_v10_0
INFO: [IP_Flow 19-6921] IPCACHE: Adding cache check func to thread queue for IP microblaze_ilmb_bram_if_cntlr_0
INFO: [IP_Flow 19-6921] IPCACHE: Adding cache check func to thread queue for IP microblaze_ilmb_v10_0
INFO: [IP_Flow 19-6921] IPCACHE: Adding cache check func to thread queue for IP microblaze_lmb_bram_0
INFO: [IP_Flow 19-6921] IPCACHE: Adding cache check func to thread queue for IP microblaze_mdm_1_0
INFO: [IP_Flow 19-6921] IPCACHE: Adding cache check func to thread queue for IP microblaze_microblaze_0_0
INFO: [IP_Flow 19-6921] IPCACHE: Adding cache check func to thread queue for IP microblaze_rst_clk_wiz_0_100M_0
INFO: [IP_Flow 19-8020] IPCACHE: runCacheChecks() calling threadPool finishWork()
INFO: [IP_Flow 19-6924] IPCACHE: Running cache check for IP inst: microblaze_axi_bram_ctrl_0_0
INFO: [IP_Flow 19-6924] IPCACHE: Running cache check for IP inst: microblaze_axi_bram_ctrl_1_0
INFO: [IP_Flow 19-6924] IPCACHE: Running cache check for IP inst: microblaze_axi_bram_ctrl_2_0
INFO: [IP_Flow 19-6924] IPCACHE: Running cache check for IP inst: microblaze_axi_bram_ctrl_3_0
INFO: [IP_Flow 19-6924] IPCACHE: Running cache check for IP inst: microblaze_ilmb_bram_if_cntlr_0
INFO: [IP_Flow 19-6924] IPCACHE: Running cache check for IP inst: microblaze_axi_gpio_0_0
INFO: [IP_Flow 19-6924] IPCACHE: Running cache check for IP inst: microblaze_axi_smc_0
INFO: [IP_Flow 19-6924] IPCACHE: Running cache check for IP inst: microblaze_axi_uartlite_0_0
INFO: [IP_Flow 19-6924] IPCACHE: Running cache check for IP inst: microblaze_clk_wiz_0_0
INFO: [IP_Flow 19-6924] IPCACHE: Running cache check for IP inst: microblaze_dlmb_v10_0
INFO: [IP_Flow 19-6924] IPCACHE: Running cache check for IP inst: microblaze_mdm_1_0
INFO: [IP_Flow 19-6924] IPCACHE: Running cache check for IP inst: microblaze_dlmb_bram_if_cntlr_0
INFO: [IP_Flow 19-6924] IPCACHE: Running cache check for IP inst: microblaze_ilmb_v10_0
INFO: [IP_Flow 19-6924] IPCACHE: Running cache check for IP inst: microblaze_lmb_bram_0
INFO: [IP_Flow 19-6924] IPCACHE: Running cache check for IP inst: microblaze_microblaze_0_0
INFO: [IP_Flow 19-6924] IPCACHE: Running cache check for IP inst: microblaze_rst_clk_wiz_0_100M_0
[Sat Dec 28 12:08:20 2024] Launched microblaze_axi_uartlite_0_0_synth_1, microblaze_rst_clk_wiz_0_100M_0_synth_1, microblaze_clk_wiz_0_0_synth_1, microblaze_axi_bram_ctrl_0_0_synth_1, microblaze_axi_bram_ctrl_1_0_synth_1, microblaze_axi_smc_0_synth_1, microblaze_axi_bram_ctrl_2_0_synth_1, microblaze_axi_bram_ctrl_3_0_synth_1, microblaze_dlmb_v10_0_synth_1, microblaze_microblaze_0_0_synth_1, microblaze_dlmb_bram_if_cntlr_0_synth_1, microblaze_ilmb_v10_0_synth_1, microblaze_ilmb_bram_if_cntlr_0_synth_1, microblaze_axi_gpio_0_0_synth_1, microblaze_mdm_1_0_synth_1, microblaze_lmb_bram_0_synth_1, synth_1...
Run output will be captured here:
microblaze_axi_uartlite_0_0_synth_1: C:/Users/andre/Desktop/snn-fpga/vivado/snn_fpga/snn_fpga.runs/microblaze_axi_uartlite_0_0_synth_1/runme.log
microblaze_rst_clk_wiz_0_100M_0_synth_1: C:/Users/andre/Desktop/snn-fpga/vivado/snn_fpga/snn_fpga.runs/microblaze_rst_clk_wiz_0_100M_0_synth_1/runme.log
microblaze_clk_wiz_0_0_synth_1: C:/Users/andre/Desktop/snn-fpga/vivado/snn_fpga/snn_fpga.runs/microblaze_clk_wiz_0_0_synth_1/runme.log
microblaze_axi_bram_ctrl_0_0_synth_1: C:/Users/andre/Desktop/snn-fpga/vivado/snn_fpga/snn_fpga.runs/microblaze_axi_bram_ctrl_0_0_synth_1/runme.log
microblaze_axi_bram_ctrl_1_0_synth_1: C:/Users/andre/Desktop/snn-fpga/vivado/snn_fpga/snn_fpga.runs/microblaze_axi_bram_ctrl_1_0_synth_1/runme.log
microblaze_axi_smc_0_synth_1: C:/Users/andre/Desktop/snn-fpga/vivado/snn_fpga/snn_fpga.runs/microblaze_axi_smc_0_synth_1/runme.log
microblaze_axi_bram_ctrl_2_0_synth_1: C:/Users/andre/Desktop/snn-fpga/vivado/snn_fpga/snn_fpga.runs/microblaze_axi_bram_ctrl_2_0_synth_1/runme.log
microblaze_axi_bram_ctrl_3_0_synth_1: C:/Users/andre/Desktop/snn-fpga/vivado/snn_fpga/snn_fpga.runs/microblaze_axi_bram_ctrl_3_0_synth_1/runme.log
microblaze_dlmb_v10_0_synth_1: C:/Users/andre/Desktop/snn-fpga/vivado/snn_fpga/snn_fpga.runs/microblaze_dlmb_v10_0_synth_1/runme.log
microblaze_microblaze_0_0_synth_1: C:/Users/andre/Desktop/snn-fpga/vivado/snn_fpga/snn_fpga.runs/microblaze_microblaze_0_0_synth_1/runme.log
microblaze_dlmb_bram_if_cntlr_0_synth_1: C:/Users/andre/Desktop/snn-fpga/vivado/snn_fpga/snn_fpga.runs/microblaze_dlmb_bram_if_cntlr_0_synth_1/runme.log
microblaze_ilmb_v10_0_synth_1: C:/Users/andre/Desktop/snn-fpga/vivado/snn_fpga/snn_fpga.runs/microblaze_ilmb_v10_0_synth_1/runme.log
microblaze_ilmb_bram_if_cntlr_0_synth_1: C:/Users/andre/Desktop/snn-fpga/vivado/snn_fpga/snn_fpga.runs/microblaze_ilmb_bram_if_cntlr_0_synth_1/runme.log
microblaze_axi_gpio_0_0_synth_1: C:/Users/andre/Desktop/snn-fpga/vivado/snn_fpga/snn_fpga.runs/microblaze_axi_gpio_0_0_synth_1/runme.log
microblaze_mdm_1_0_synth_1: C:/Users/andre/Desktop/snn-fpga/vivado/snn_fpga/snn_fpga.runs/microblaze_mdm_1_0_synth_1/runme.log
microblaze_lmb_bram_0_synth_1: C:/Users/andre/Desktop/snn-fpga/vivado/snn_fpga/snn_fpga.runs/microblaze_lmb_bram_0_synth_1/runme.log
synth_1: C:/Users/andre/Desktop/snn-fpga/vivado/snn_fpga/snn_fpga.runs/synth_1/runme.log
[Sat Dec 28 12:08:20 2024] Launched impl_1...
Run output will be captured here: C:/Users/andre/Desktop/snn-fpga/vivado/snn_fpga/snn_fpga.runs/impl_1/runme.log
launch_runs: Time (s): cpu = 00:00:13 ; elapsed = 00:00:25 . Memory (MB): peak = 824.055 ; gain = 52.172
# wait_on_run impl_1
[Sat Dec 28 12:08:20 2024] Waiting for impl_1 to finish...
[Sat Dec 28 12:11:50 2024] impl_1 finished
ERROR: [Vivado 12-13638] Failed runs(s) : 'synth_1'
 'synth_1' run failed with below errors.
ERROR: [Synth 8-6775] single value range is not allowed in packed dimension [C:/Users/andre/Desktop/snn-fpga/src/hdl/snn/synapse_array_adder_tree.sv:35]

ERROR: [Synth 8-12188] Failed to read verilog 'C:/Users/andre/Desktop/snn-fpga/src/hdl/top_microblaze.sv'

ERROR: [Common 17-69] Command failed: Synthesis failed - please see the console or run log file for details

wait_on_runs: Time (s): cpu = 00:00:02 ; elapsed = 00:03:31 . Memory (MB): peak = 831.887 ; gain = 7.832
ERROR: [Common 17-39] 'wait_on_runs' failed due to earlier errors.

    while executing
"wait_on_run impl_1"
    (file ".\basys3_project.tcl" line 43)
Vivado% start_gui
update_compile_order -fileset sources_1
exit
INFO: [Common 17-206] Exiting Vivado at Sat Dec 28 21:56:02 2024...
