#-----------------------------------------------------------
# Vivado v2024.2 (64-bit)
# SW Build 5239630 on Fri Nov 08 22:35:27 MST 2024
# IP Build 5239520 on Sun Nov 10 16:12:51 MST 2024
# SharedData Build 5239561 on Fri Nov 08 14:39:27 MST 2024
# Start of session at: Sat Dec 21 11:43:43 2024
# Process ID         : 10692
# Current directory  : C:/Users/andre/Desktop/snn-fpga/vivado
# Command line       : vivado.exe -mode tcl -source .\basys3_project.tcl
# Log file           : C:/Users/andre/Desktop/snn-fpga/vivado/vivado.log
# Journal file       : C:/Users/andre/Desktop/snn-fpga/vivado\vivado.jou
# Running On         : DESKTOP-OVIC86T
# Platform           : Windows Server 2016 or Windows 10
# Operating System   : 19045
# Processor Detail   : Intel(R) Core(TM) i9-9880H CPU @ 2.30GHz
# CPU Frequency      : 2304 MHz
# CPU Physical cores : 8
# CPU Logical cores  : 16
# Host memory        : 34248 MB
# Swap memory        : 5100 MB
# Total Virtual      : 39349 MB
# Available Virtual  : 32533 MB
#-----------------------------------------------------------
source {.\basys3_project.tcl}
start_gui
update_compile_order -fileset sources_1
launch_runs synth_1 -jobs 8
wait_on_run synth_1
launch_runs impl_1 -jobs 8
wait_on_run impl_1
launch_simulation
source top.tcl
restart
add_force {/top/clk} -radix hex {0 0ns} {1 5000ps} -repeat_every 10000ps
add_force {/top/sw} -radix hex {0 0ns}
run 100 us
add_force {/top/sw} -radix hex {1 0ns}
run 100 us
close_sim
launch_simulation
source top.tcl
restart
add_force {/top/clk} -radix hex {0 0ns} {1 5000ps} -repeat_every 10000ps
add_force {/top/sw} -radix hex {0 0ns}
run 100 us
add_force {/top/sw} -radix hex {1 0ns}
run 100 us
run 100 us
run 100 us
add_force {/top/sw} -radix hex {0 0ns}
run 100 us
add_force {/top/sw} -radix hex {1 0ns}
run 100 us
run 100 us
run 100 us
save_wave_config {C:/Users/andre/Desktop/snn-fpga/vivado/snn_fpga/top_behav.wcfg}
add_files -fileset sim_1 -norecurse C:/Users/andre/Desktop/snn-fpga/vivado/snn_fpga/top_behav.wcfg
set_property xsim.view C:/Users/andre/Desktop/snn-fpga/vivado/snn_fpga/top_behav.wcfg [get_filesets sim_1]
close_sim
launch_simulation
open_wave_config C:/Users/andre/Desktop/snn-fpga/vivado/snn_fpga/top_behav.wcfg
source top.tcl
restart
add_force {/top/clk} -radix hex {0 0ns} {1 5000ps} -repeat_every 10000ps
add_force {/top/sw} -radix hex {0 0ns}
run 100 us
close_sim
launch_simulation
open_wave_config C:/Users/andre/Desktop/snn-fpga/vivado/snn_fpga/top_behav.wcfg
source top.tcl
restart
add_force {/top/clk} -radix hex {0 0ns} {1 5000ps} -repeat_every 10000ps
add_force {/top/sw} -radix hex {0 0ns}
run 100 us
add_force {/top/sw} -radix hex {1 0ns}
run 100 us
add_force {/top/sw} -radix hex {0 0ns}
run 100 us
add_force {/top/sw} -radix hex {1 0ns}
run 100 us
open_hw_manager
launch_runs impl_1 -to_step write_bitstream -jobs 8
wait_on_run impl_1
reset_run synth_1
launch_runs impl_1 -jobs 8
wait_on_run impl_1
reset_run synth_1
launch_runs synth_1 -jobs 8
wait_on_run synth_1
launch_runs impl_1 -jobs 8
wait_on_run impl_1
launch_simulation -mode post-implementation -type timing
open_wave_config C:/Users/andre/Desktop/snn-fpga/vivado/snn_fpga/top_behav.wcfg
source top.tcl
restart
add_force {/top/clk} -radix hex {0 0ns} {1 5000ps} -repeat_every 10000ps
add_force {/top/sw} -radix hex {0 0ns}
run 100 us
add_force {/top/sw} -radix hex {1 0ns}
run 100 us
report_timing_summary -delay_type min_max -report_unconstrained -check_timing_verbose -max_paths 10 -input_pins -routable_nets -name timing_1
launch_simulation -mode post-synthesis -type timing
open_wave_config C:/Users/andre/Desktop/snn-fpga/vivado/snn_fpga/top_behav.wcfg
source top.tcl
restart
add_force {/top/clk} -radix hex {0 0ns} {1 5000ps} -repeat_every 10000ps
add_force {/top/sw} -radix hex {0 0ns}
run 100 us
add_force {/top/sw} -radix hex {1 0ns}
run 100 us
current_sim simulation_5
restart
add_force {/top/clk} -radix hex {0 0ns} {1 50000ps} -repeat_every 100000ps
add_force {/top/sw} -radix hex {0 0ns}
run 100 us
add_force {/top/sw} -radix hex {1 0ns}
run 100 us
current_design impl_1
report_timing_summary -delay_type min_max -report_unconstrained -check_timing_verbose -max_paths 10 -input_pins -routable_nets -name timing_2
report_clock_interaction -delay_type min_max -significant_digits 3 -name timing_3
report_clock_networks -name {network_1}
report_utilization -name utilization_1
report_clock_networks -name {network_2}
create_dataflow_design
current_design impl_1
report_drc -name drc_1 -ruledecks {default}
set_operating_conditions -heatsink none
report_power -name {power_1}
report_methodology -name ultrafast_methodology_1
launch_runs impl_1 -to_step write_bitstream -jobs 8
wait_on_run impl_1
reset_run synth_1
reset_run synth_1
launch_runs synth_1 -jobs 8
wait_on_run synth_1
current_sim simulation_6
close_sim
current_sim simulation_5
close_sim
close_sim
