#! /usr/local/Cellar/icarus-verilog/12.0/bin/vvp
:ivl_version "12.0 (stable)";
:ivl_delay_selection "TYPICAL";
:vpi_time_precision - 12;
:vpi_module "/usr/local/Cellar/icarus-verilog/12.0/lib/ivl/system.vpi";
:vpi_module "/usr/local/Cellar/icarus-verilog/12.0/lib/ivl/vhdl_sys.vpi";
:vpi_module "/usr/local/Cellar/icarus-verilog/12.0/lib/ivl/vhdl_textio.vpi";
:vpi_module "/usr/local/Cellar/icarus-verilog/12.0/lib/ivl/v2005_math.vpi";
:vpi_module "/usr/local/Cellar/icarus-verilog/12.0/lib/ivl/va_math.vpi";
:vpi_module "/usr/local/Cellar/icarus-verilog/12.0/lib/ivl/v2009.vpi";
S_0x7fc1769042a0 .scope package, "$unit" "$unit" 2 1;
 .timescale 0 0;
S_0x7fc176904440 .scope module, "fifo_tb" "fifo_tb" 3 4;
 .timescale -9 -12;
P_0x7fc1769045b0 .param/l "BRAM_DATA_WIDTH" 1 3 6, +C4<00000000000000000000010000000000>;
P_0x7fc1769045f0 .param/l "CROSSBAR_NEURONS" 1 3 5, +C4<00000000000000000000000000010000>;
P_0x7fc176904630 .param/l "LENGTH" 1 3 8, +C4<00000000000000000000000000000010>;
P_0x7fc176904670 .param/l "NETWORK_WIDTH" 1 3 7, +C4<00000000000000000000000000001000>;
L_0x7fc176919e50 .functor BUFZ 8, L_0x7fc176918b50, C4<00000000>, C4<00000000>, C4<00000000>;
L_0x7fc176919ec0 .functor BUFZ 8, L_0x7fc176918bf0, C4<00000000>, C4<00000000>, C4<00000000>;
L_0x7fc176919f70 .functor BUFZ 8, L_0x7fc176918cf0, C4<00000000>, C4<00000000>, C4<00000000>;
L_0x7fc17691a020 .functor BUFZ 8, L_0x7fc176918d90, C4<00000000>, C4<00000000>, C4<00000000>;
L_0x7fc17691a0d0 .functor BUFZ 8, L_0x7fc176918ed0, C4<00000000>, C4<00000000>, C4<00000000>;
L_0x7fc17691a1b0 .functor BUFZ 8, L_0x7fc176918f70, C4<00000000>, C4<00000000>, C4<00000000>;
L_0x7fc17691a260 .functor BUFZ 8, L_0x7fc176919010, C4<00000000>, C4<00000000>, C4<00000000>;
L_0x7fc17691a350 .functor BUFZ 8, L_0x7fc1769190d0, C4<00000000>, C4<00000000>, C4<00000000>;
L_0x7fc17691a400 .functor BUFZ 8, L_0x7fc176919270, C4<00000000>, C4<00000000>, C4<00000000>;
L_0x7fc17691a500 .functor BUFZ 8, L_0x7fc176919310, C4<00000000>, C4<00000000>, C4<00000000>;
L_0x7fc17691a570 .functor BUFZ 8, L_0x7fc1769193b0, C4<00000000>, C4<00000000>, C4<00000000>;
L_0x7fc17691a680 .functor BUFZ 8, L_0x7fc1769194b0, C4<00000000>, C4<00000000>, C4<00000000>;
L_0x7fc17691a6f0 .functor BUFZ 8, L_0x7fc176919550, C4<00000000>, C4<00000000>, C4<00000000>;
L_0x7fc17691a810 .functor BUFZ 8, L_0x7fc176919660, C4<00000000>, C4<00000000>, C4<00000000>;
L_0x7fc17691a880 .functor BUFZ 8, L_0x7fc176919700, C4<00000000>, C4<00000000>, C4<00000000>;
L_0x7fc17691a7a0 .functor BUFZ 8, L_0x7fc176919820, C4<00000000>, C4<00000000>, C4<00000000>;
v0x7fc1769183f0_0 .var "clk", 0 0;
v0x7fc176918480_0 .var "din", 127 0;
v0x7fc176918510_0 .net "empty", 0 0, L_0x7fc176919d70;  1 drivers
v0x7fc1769185a0_0 .net "full", 0 0, L_0x7fc176919b50;  1 drivers
v0x7fc176918630 .array "mem_in", 15 0;
v0x7fc176918630_0 .net/s v0x7fc176918630 0, 7 0, L_0x7fc176919e50; 1 drivers
v0x7fc176918630_1 .net/s v0x7fc176918630 1, 7 0, L_0x7fc176919ec0; 1 drivers
v0x7fc176918630_2 .net/s v0x7fc176918630 2, 7 0, L_0x7fc176919f70; 1 drivers
v0x7fc176918630_3 .net/s v0x7fc176918630 3, 7 0, L_0x7fc17691a020; 1 drivers
v0x7fc176918630_4 .net/s v0x7fc176918630 4, 7 0, L_0x7fc17691a0d0; 1 drivers
v0x7fc176918630_5 .net/s v0x7fc176918630 5, 7 0, L_0x7fc17691a1b0; 1 drivers
v0x7fc176918630_6 .net/s v0x7fc176918630 6, 7 0, L_0x7fc17691a260; 1 drivers
v0x7fc176918630_7 .net/s v0x7fc176918630 7, 7 0, L_0x7fc17691a350; 1 drivers
v0x7fc176918630_8 .net/s v0x7fc176918630 8, 7 0, L_0x7fc17691a400; 1 drivers
v0x7fc176918630_9 .net/s v0x7fc176918630 9, 7 0, L_0x7fc17691a500; 1 drivers
v0x7fc176918630_10 .net/s v0x7fc176918630 10, 7 0, L_0x7fc17691a570; 1 drivers
v0x7fc176918630_11 .net/s v0x7fc176918630 11, 7 0, L_0x7fc17691a680; 1 drivers
v0x7fc176918630_12 .net/s v0x7fc176918630 12, 7 0, L_0x7fc17691a6f0; 1 drivers
v0x7fc176918630_13 .net/s v0x7fc176918630 13, 7 0, L_0x7fc17691a810; 1 drivers
v0x7fc176918630_14 .net/s v0x7fc176918630 14, 7 0, L_0x7fc17691a880; 1 drivers
v0x7fc176918630_15 .net/s v0x7fc176918630 15, 7 0, L_0x7fc17691a7a0; 1 drivers
v0x7fc176918830_0 .var "pop", 0 0;
v0x7fc1769188c0_0 .net "pop_done", 0 0, v0x7fc176918070_0;  1 drivers
v0x7fc176918970_0 .var "push", 0 0;
v0x7fc176918a20_0 .net "push_done", 0 0, v0x7fc1769181b0_0;  1 drivers
S_0x7fc176904860 .scope module, "fifo" "mem_in_fifo" 3 28, 4 5 0, S_0x7fc176904440;
 .timescale -9 -12;
    .port_info 0 /INPUT 1 "clk";
    .port_info 1 /INPUT 128 "din";
    .port_info 2 /INPUT 1 "push";
    .port_info 3 /INPUT 1 "pop";
    .port_info 4 /OUTPUT 128 "mem_in";
    .port_info 5 /OUTPUT 1 "full";
    .port_info 6 /OUTPUT 1 "empty";
    .port_info 7 /OUTPUT 1 "push_done";
    .port_info 8 /OUTPUT 1 "pop_done";
P_0x7fc1769049d0 .param/l "BRAM_DATA_WIDTH" 0 4 7, +C4<00000000000000000000010000000000>;
P_0x7fc176904a10 .param/l "CROSSBAR_NEURONS" 0 4 6, +C4<00000000000000000000000000010000>;
P_0x7fc176904a50 .param/l "LENGTH" 0 4 9, +C4<00000000000000000000000000000010>;
P_0x7fc176904a90 .param/l "NETWORK_WIDTH" 0 4 8, +C4<00000000000000000000000000001000>;
P_0x7fc176904ad0 .param/l "WIDTH" 1 4 23, +C4<0000000000000000000000000000000000000000000000000000000010000000>;
v0x7fc176907500_0 .net *"_ivl_16", 31 0, L_0x7fc176919170;  1 drivers
L_0x7fc168040008 .functor BUFT 1, C4<000000000000000000000000>, C4<0>, C4<0>, C4<0>;
v0x7fc1769175c0_0 .net *"_ivl_19", 23 0, L_0x7fc168040008;  1 drivers
L_0x7fc168040050 .functor BUFT 1, C4<00000000000000000000000000000010>, C4<0>, C4<0>, C4<0>;
v0x7fc176917660_0 .net/2u *"_ivl_20", 31 0, L_0x7fc168040050;  1 drivers
v0x7fc176917710_0 .net *"_ivl_24", 31 0, L_0x7fc176919bf0;  1 drivers
L_0x7fc168040098 .functor BUFT 1, C4<000000000000000000000000>, C4<0>, C4<0>, C4<0>;
v0x7fc1769177c0_0 .net *"_ivl_27", 23 0, L_0x7fc168040098;  1 drivers
L_0x7fc1680400e0 .functor BUFT 1, C4<00000000000000000000000000000000>, C4<0>, C4<0>, C4<0>;
v0x7fc1769178b0_0 .net/2u *"_ivl_28", 31 0, L_0x7fc1680400e0;  1 drivers
v0x7fc176917960_0 .var "buffer", 255 0;
v0x7fc176917a10_0 .net "clk", 0 0, v0x7fc1769183f0_0;  1 drivers
v0x7fc176917ab0_0 .var "cnt", 7 0;
v0x7fc176917bc0_0 .net "din", 127 0, v0x7fc176918480_0;  1 drivers
v0x7fc176917c70_0 .net "empty", 0 0, L_0x7fc176919d70;  alias, 1 drivers
v0x7fc176917d10_0 .net "full", 0 0, L_0x7fc176919b50;  alias, 1 drivers
v0x7fc176917db0 .array "mem_in", 15 0;
v0x7fc176917db0_0 .net/s v0x7fc176917db0 0, 7 0, L_0x7fc176918b50; 1 drivers
v0x7fc176917db0_1 .net/s v0x7fc176917db0 1, 7 0, L_0x7fc176918bf0; 1 drivers
v0x7fc176917db0_2 .net/s v0x7fc176917db0 2, 7 0, L_0x7fc176918cf0; 1 drivers
v0x7fc176917db0_3 .net/s v0x7fc176917db0 3, 7 0, L_0x7fc176918d90; 1 drivers
v0x7fc176917db0_4 .net/s v0x7fc176917db0 4, 7 0, L_0x7fc176918ed0; 1 drivers
v0x7fc176917db0_5 .net/s v0x7fc176917db0 5, 7 0, L_0x7fc176918f70; 1 drivers
v0x7fc176917db0_6 .net/s v0x7fc176917db0 6, 7 0, L_0x7fc176919010; 1 drivers
v0x7fc176917db0_7 .net/s v0x7fc176917db0 7, 7 0, L_0x7fc1769190d0; 1 drivers
v0x7fc176917db0_8 .net/s v0x7fc176917db0 8, 7 0, L_0x7fc176919270; 1 drivers
v0x7fc176917db0_9 .net/s v0x7fc176917db0 9, 7 0, L_0x7fc176919310; 1 drivers
v0x7fc176917db0_10 .net/s v0x7fc176917db0 10, 7 0, L_0x7fc1769193b0; 1 drivers
v0x7fc176917db0_11 .net/s v0x7fc176917db0 11, 7 0, L_0x7fc1769194b0; 1 drivers
v0x7fc176917db0_12 .net/s v0x7fc176917db0 12, 7 0, L_0x7fc176919550; 1 drivers
v0x7fc176917db0_13 .net/s v0x7fc176917db0 13, 7 0, L_0x7fc176919660; 1 drivers
v0x7fc176917db0_14 .net/s v0x7fc176917db0 14, 7 0, L_0x7fc176919700; 1 drivers
v0x7fc176917db0_15 .net/s v0x7fc176917db0 15, 7 0, L_0x7fc176919820; 1 drivers
v0x7fc176917fd0_0 .net "pop", 0 0, v0x7fc176918830_0;  1 drivers
v0x7fc176918070_0 .var "pop_done", 0 0;
v0x7fc176918110_0 .net "push", 0 0, v0x7fc176918970_0;  1 drivers
v0x7fc1769181b0_0 .var "push_done", 0 0;
E_0x7fc176904d60 .event posedge, v0x7fc176917a10_0;
L_0x7fc176918b50 .part v0x7fc176917960_0, 0, 8;
L_0x7fc176918bf0 .part v0x7fc176917960_0, 8, 8;
L_0x7fc176918cf0 .part v0x7fc176917960_0, 16, 8;
L_0x7fc176918d90 .part v0x7fc176917960_0, 24, 8;
L_0x7fc176918ed0 .part v0x7fc176917960_0, 32, 8;
L_0x7fc176918f70 .part v0x7fc176917960_0, 40, 8;
L_0x7fc176919010 .part v0x7fc176917960_0, 48, 8;
L_0x7fc1769190d0 .part v0x7fc176917960_0, 56, 8;
L_0x7fc176919270 .part v0x7fc176917960_0, 64, 8;
L_0x7fc176919310 .part v0x7fc176917960_0, 72, 8;
L_0x7fc1769193b0 .part v0x7fc176917960_0, 80, 8;
L_0x7fc1769194b0 .part v0x7fc176917960_0, 88, 8;
L_0x7fc176919550 .part v0x7fc176917960_0, 96, 8;
L_0x7fc176919660 .part v0x7fc176917960_0, 104, 8;
L_0x7fc176919700 .part v0x7fc176917960_0, 112, 8;
L_0x7fc176919820 .part v0x7fc176917960_0, 120, 8;
L_0x7fc176919170 .concat [ 8 24 0 0], v0x7fc176917ab0_0, L_0x7fc168040008;
L_0x7fc176919b50 .cmp/ge 32, L_0x7fc176919170, L_0x7fc168040050;
L_0x7fc176919bf0 .concat [ 8 24 0 0], v0x7fc176917ab0_0, L_0x7fc168040098;
L_0x7fc176919d70 .cmp/eq 32, L_0x7fc176919bf0, L_0x7fc1680400e0;
S_0x7fc176904f30 .scope generate, "genblk1[0]" "genblk1[0]" 4 29, 4 29 0, S_0x7fc176904860;
 .timescale -9 -12;
P_0x7fc1769050c0 .param/l "i" 1 4 29, +C4<00>;
S_0x7fc176905160 .scope generate, "genblk1[1]" "genblk1[1]" 4 29, 4 29 0, S_0x7fc176904860;
 .timescale -9 -12;
P_0x7fc1769052d0 .param/l "i" 1 4 29, +C4<01>;
S_0x7fc176905350 .scope generate, "genblk1[2]" "genblk1[2]" 4 29, 4 29 0, S_0x7fc176904860;
 .timescale -9 -12;
P_0x7fc176905530 .param/l "i" 1 4 29, +C4<010>;
S_0x7fc1769055b0 .scope generate, "genblk1[3]" "genblk1[3]" 4 29, 4 29 0, S_0x7fc176904860;
 .timescale -9 -12;
P_0x7fc176905770 .param/l "i" 1 4 29, +C4<011>;
S_0x7fc176905810 .scope generate, "genblk1[4]" "genblk1[4]" 4 29, 4 29 0, S_0x7fc176904860;
 .timescale -9 -12;
P_0x7fc176905a10 .param/l "i" 1 4 29, +C4<0100>;
S_0x7fc176905ab0 .scope generate, "genblk1[5]" "genblk1[5]" 4 29, 4 29 0, S_0x7fc176904860;
 .timescale -9 -12;
P_0x7fc176905c70 .param/l "i" 1 4 29, +C4<0101>;
S_0x7fc176905cf0 .scope generate, "genblk1[6]" "genblk1[6]" 4 29, 4 29 0, S_0x7fc176904860;
 .timescale -9 -12;
P_0x7fc176905eb0 .param/l "i" 1 4 29, +C4<0110>;
S_0x7fc176905f50 .scope generate, "genblk1[7]" "genblk1[7]" 4 29, 4 29 0, S_0x7fc176904860;
 .timescale -9 -12;
P_0x7fc176906110 .param/l "i" 1 4 29, +C4<0111>;
S_0x7fc1769061b0 .scope generate, "genblk1[8]" "genblk1[8]" 4 29, 4 29 0, S_0x7fc176904860;
 .timescale -9 -12;
P_0x7fc1769059d0 .param/l "i" 1 4 29, +C4<01000>;
S_0x7fc176906460 .scope generate, "genblk1[9]" "genblk1[9]" 4 29, 4 29 0, S_0x7fc176904860;
 .timescale -9 -12;
P_0x7fc176906630 .param/l "i" 1 4 29, +C4<01001>;
S_0x7fc1769066c0 .scope generate, "genblk1[10]" "genblk1[10]" 4 29, 4 29 0, S_0x7fc176904860;
 .timescale -9 -12;
P_0x7fc176906890 .param/l "i" 1 4 29, +C4<01010>;
S_0x7fc176906920 .scope generate, "genblk1[11]" "genblk1[11]" 4 29, 4 29 0, S_0x7fc176904860;
 .timescale -9 -12;
P_0x7fc176906af0 .param/l "i" 1 4 29, +C4<01011>;
S_0x7fc176906b80 .scope generate, "genblk1[12]" "genblk1[12]" 4 29, 4 29 0, S_0x7fc176904860;
 .timescale -9 -12;
P_0x7fc176906d50 .param/l "i" 1 4 29, +C4<01100>;
S_0x7fc176906de0 .scope generate, "genblk1[13]" "genblk1[13]" 4 29, 4 29 0, S_0x7fc176904860;
 .timescale -9 -12;
P_0x7fc176906fb0 .param/l "i" 1 4 29, +C4<01101>;
S_0x7fc176907040 .scope generate, "genblk1[14]" "genblk1[14]" 4 29, 4 29 0, S_0x7fc176904860;
 .timescale -9 -12;
P_0x7fc176907210 .param/l "i" 1 4 29, +C4<01110>;
S_0x7fc1769072a0 .scope generate, "genblk1[15]" "genblk1[15]" 4 29, 4 29 0, S_0x7fc176904860;
 .timescale -9 -12;
P_0x7fc176907470 .param/l "i" 1 4 29, +C4<01111>;
    .scope S_0x7fc176904860;
T_0 ;
    %pushi/vec4 0, 0, 8;
    %store/vec4 v0x7fc176917ab0_0, 0, 8;
    %pushi/vec4 0, 0, 256;
    %store/vec4 v0x7fc176917960_0, 0, 256;
    %end;
    .thread T_0, $init;
    .scope S_0x7fc176904860;
T_1 ;
    %wait E_0x7fc176904d60;
    %load/vec4 v0x7fc176917fd0_0;
    %flag_set/vec4 9;
    %flag_get/vec4 9;
    %jmp/0 T_1.2, 9;
    %load/vec4 v0x7fc176918070_0;
    %inv;
    %and;
T_1.2;
    %flag_set/vec4 8;
    %jmp/0xz  T_1.0, 8;
    %load/vec4 v0x7fc176917960_0;
    %ix/load 4, 128, 0;
    %flag_set/imm 4, 0;
    %shiftr 4;
    %assign/vec4 v0x7fc176917960_0, 0;
    %pushi/vec4 1, 0, 1;
    %assign/vec4 v0x7fc176918070_0, 0;
    %load/vec4 v0x7fc176917c70_0;
    %inv;
    %flag_set/vec4 8;
    %jmp/0xz  T_1.3, 8;
    %load/vec4 v0x7fc176917ab0_0;
    %subi 1, 0, 8;
    %assign/vec4 v0x7fc176917ab0_0, 0;
T_1.3 ;
    %jmp T_1.1;
T_1.0 ;
    %load/vec4 v0x7fc176918110_0;
    %flag_set/vec4 9;
    %flag_get/vec4 9;
    %jmp/0 T_1.7, 9;
    %load/vec4 v0x7fc1769181b0_0;
    %inv;
    %and;
T_1.7;
    %flag_set/vec4 8;
    %jmp/0xz  T_1.5, 8;
    %load/vec4 v0x7fc176917d10_0;
    %inv;
    %flag_set/vec4 8;
    %jmp/0xz  T_1.8, 8;
    %load/vec4 v0x7fc176917960_0;
    %load/vec4 v0x7fc176917bc0_0;
    %pad/u 256;
    %load/vec4 v0x7fc176917ab0_0;
    %pad/u 64;
    %muli 128, 0, 64;
    %ix/vec4 4;
    %shiftl 4;
    %or;
    %assign/vec4 v0x7fc176917960_0, 0;
    %load/vec4 v0x7fc176917ab0_0;
    %addi 1, 0, 8;
    %assign/vec4 v0x7fc176917ab0_0, 0;
T_1.8 ;
    %pushi/vec4 1, 0, 1;
    %assign/vec4 v0x7fc1769181b0_0, 0;
T_1.5 ;
T_1.1 ;
    %load/vec4 v0x7fc176917fd0_0;
    %inv;
    %flag_set/vec4 8;
    %jmp/0xz  T_1.10, 8;
    %pushi/vec4 0, 0, 1;
    %assign/vec4 v0x7fc176918070_0, 0;
T_1.10 ;
    %load/vec4 v0x7fc176918110_0;
    %inv;
    %flag_set/vec4 8;
    %jmp/0xz  T_1.12, 8;
    %pushi/vec4 0, 0, 1;
    %assign/vec4 v0x7fc1769181b0_0, 0;
T_1.12 ;
    %jmp T_1;
    .thread T_1;
    .scope S_0x7fc176904440;
T_2 ;
    %pushi/vec4 0, 0, 1;
    %store/vec4 v0x7fc1769183f0_0, 0, 1;
    %pushi/vec4 0, 0, 128;
    %store/vec4 v0x7fc176918480_0, 0, 128;
    %pushi/vec4 0, 0, 1;
    %store/vec4 v0x7fc176918970_0, 0, 1;
    %pushi/vec4 0, 0, 1;
    %store/vec4 v0x7fc176918830_0, 0, 1;
    %end;
    .thread T_2, $init;
    .scope S_0x7fc176904440;
T_3 ;
T_3.0 ;
    %delay 5000, 0;
    %load/vec4 v0x7fc1769183f0_0;
    %inv;
    %store/vec4 v0x7fc1769183f0_0, 0, 1;
    %jmp T_3.0;
    %end;
    .thread T_3;
    .scope S_0x7fc176904440;
T_4 ;
    %vpi_call/w 3 46 "$dumpfile", "fifo_tb.vcd" {0 0 0};
    %vpi_call/w 3 47 "$dumpvars", 32'sb00000000000000000000000001100100, S_0x7fc176904440 {0 0 0};
    %delay 100000, 0;
    %pushi/vec4 5, 0, 128;
    %assign/vec4 v0x7fc176918480_0, 0;
    %delay 200000, 0;
    %pushi/vec4 1, 0, 1;
    %assign/vec4 v0x7fc176918970_0, 0;
    %delay 300000, 0;
    %pushi/vec4 0, 0, 1;
    %assign/vec4 v0x7fc176918970_0, 0;
    %delay 400000, 0;
    %pushi/vec4 1, 0, 1;
    %assign/vec4 v0x7fc176918970_0, 0;
    %delay 500000, 0;
    %pushi/vec4 0, 0, 1;
    %assign/vec4 v0x7fc176918970_0, 0;
    %delay 600000, 0;
    %pushi/vec4 1, 0, 1;
    %assign/vec4 v0x7fc176918830_0, 0;
    %delay 700000, 0;
    %pushi/vec4 0, 0, 1;
    %assign/vec4 v0x7fc176918830_0, 0;
    %delay 800000, 0;
    %pushi/vec4 1, 0, 1;
    %assign/vec4 v0x7fc176918830_0, 0;
    %delay 900000, 0;
    %pushi/vec4 0, 0, 1;
    %assign/vec4 v0x7fc176918830_0, 0;
    %delay 1000000, 0;
    %vpi_call/w 3 57 "$finish" {0 0 0};
    %end;
    .thread T_4;
# The file index is used to find the file name in the following table.
:file_names 5;
    "N/A";
    "<interactive>";
    "-";
    "fifo_tb.sv";
    "./mem_in_fifo.sv";
