#! /usr/local/bin/vvp
:ivl_version "13.0 (devel)" "(s20221226-559-gce7b26e3f)";
:ivl_delay_selection "TYPICAL";
:vpi_time_precision - 11;
:vpi_module "/usr/local/lib/ivl/system.vpi";
:vpi_module "/usr/local/lib/ivl/vhdl_sys.vpi";
:vpi_module "/usr/local/lib/ivl/vhdl_textio.vpi";
:vpi_module "/usr/local/lib/ivl/v2005_math.vpi";
:vpi_module "/usr/local/lib/ivl/va_math.vpi";
:vpi_module "/usr/local/lib/ivl/v2009.vpi";
S_0x5bbd286e1660 .scope package, "$unit" "$unit" 2 1;
 .timescale 0 0;
S_0x5bbd286e17f0 .scope module, "lif_scheduler_tb" "lif_scheduler_tb" 3 5;
 .timescale -9 -11;
v0x5bbd286fb1e0_0 .var "clk", 0 0;
v0x5bbd286fb2a0_0 .var "en", 0 0;
v0x5bbd286fb340_0 .var "lif_done", 0 0;
v0x5bbd286fb440_0 .net "lif_en", 0 0, v0x5bbd286fa980_0;  1 drivers
v0x5bbd286fb510_0 .var "mac_out_fifo_empty", 0 0;
v0x5bbd286fb5b0_0 .net "mac_out_fifo_pop", 0 0, v0x5bbd286fab00_0;  1 drivers
v0x5bbd286fb680_0 .var "mac_out_fifo_pop_done", 0 0;
v0x5bbd286fb750_0 .var "tile_idx_fifo_empty", 0 0;
v0x5bbd286fb820_0 .net "tile_idx_fifo_pop", 0 0, v0x5bbd286faec0_0;  1 drivers
v0x5bbd286fb8f0_0 .var "tile_idx_fifo_pop_done", 0 0;
S_0x5bbd286d0350 .scope module, "lif_scheduler_0" "lif_scheduler" 3 17, 4 10 0, S_0x5bbd286e17f0;
 .timescale -9 -11;
    .port_info 0 /INPUT 1 "clk";
    .port_info 1 /INPUT 1 "en";
    .port_info 2 /INPUT 1 "lif_done";
    .port_info 3 /INPUT 1 "mac_out_fifo_empty";
    .port_info 4 /INPUT 1 "tile_idx_fifo_empty";
    .port_info 5 /INPUT 1 "mac_out_fifo_pop_done";
    .port_info 6 /INPUT 1 "tile_idx_fifo_pop_done";
    .port_info 7 /OUTPUT 1 "mac_out_fifo_pop";
    .port_info 8 /OUTPUT 1 "tile_idx_fifo_pop";
    .port_info 9 /OUTPUT 1 "lif_en";
L_0x5bbd286fb9c0 .functor OR 1, v0x5bbd286fb510_0, v0x5bbd286fb750_0, C4<0>, C4<0>;
L_0x5bbd286fbab0 .functor NOT 1, L_0x5bbd286fb9c0, C4<0>, C4<0>, C4<0>;
L_0x5bbd286fbb70 .functor AND 1, v0x5bbd286fb680_0, v0x5bbd286fb8f0_0, C4<1>, C4<1>;
L_0x5bbd286fbc80 .functor OR 1, v0x5bbd286fab00_0, v0x5bbd286faec0_0, C4<0>, C4<0>;
L_0x5bbd286fbdc0 .functor NOT 1, L_0x5bbd286fbc80, C4<0>, C4<0>, C4<0>;
L_0x5bbd286fbe80 .functor OR 1, L_0x5bbd286fbb70, L_0x5bbd286fbdc0, C4<0>, C4<0>;
v0x5bbd286d0680_0 .net *"_ivl_1", 0 0, L_0x5bbd286fb9c0;  1 drivers
v0x5bbd286fa4b0_0 .net *"_ivl_5", 0 0, L_0x5bbd286fbb70;  1 drivers
v0x5bbd286fa570_0 .net *"_ivl_7", 0 0, L_0x5bbd286fbc80;  1 drivers
v0x5bbd286fa610_0 .net *"_ivl_8", 0 0, L_0x5bbd286fbdc0;  1 drivers
v0x5bbd286fa6f0_0 .net "clk", 0 0, v0x5bbd286fb1e0_0;  1 drivers
v0x5bbd286fa800_0 .net "en", 0 0, v0x5bbd286fb2a0_0;  1 drivers
v0x5bbd286fa8c0_0 .net "lif_done", 0 0, v0x5bbd286fb340_0;  1 drivers
v0x5bbd286fa980_0 .var "lif_en", 0 0;
v0x5bbd286faa40_0 .net "mac_out_fifo_empty", 0 0, v0x5bbd286fb510_0;  1 drivers
v0x5bbd286fab00_0 .var "mac_out_fifo_pop", 0 0;
v0x5bbd286fabc0_0 .net "mac_out_fifo_pop_done", 0 0, v0x5bbd286fb680_0;  1 drivers
v0x5bbd286fac80_0 .net "pop_done", 0 0, L_0x5bbd286fbe80;  1 drivers
v0x5bbd286fad40_0 .net "ready", 0 0, L_0x5bbd286fbab0;  1 drivers
v0x5bbd286fae00_0 .net "tile_idx_fifo_empty", 0 0, v0x5bbd286fb750_0;  1 drivers
v0x5bbd286faec0_0 .var "tile_idx_fifo_pop", 0 0;
v0x5bbd286faf80_0 .net "tile_idx_fifo_pop_done", 0 0, v0x5bbd286fb8f0_0;  1 drivers
E_0x5bbd286ddfe0 .event posedge, v0x5bbd286fa6f0_0;
    .scope S_0x5bbd286d0350;
T_0 ;
    %wait E_0x5bbd286ddfe0;
    %load/vec4 v0x5bbd286fa800_0;
    %inv;
    %flag_set/vec4 8;
    %jmp/0xz  T_0.0, 8;
    %pushi/vec4 0, 0, 1;
    %assign/vec4 v0x5bbd286fa980_0, 0;
    %pushi/vec4 0, 0, 1;
    %assign/vec4 v0x5bbd286fab00_0, 0;
    %pushi/vec4 0, 0, 1;
    %assign/vec4 v0x5bbd286faec0_0, 0;
    %jmp T_0.1;
T_0.0 ;
    %load/vec4 v0x5bbd286fad40_0;
    %flag_set/vec4 9;
    %flag_get/vec4 9;
    %jmp/0 T_0.4, 9;
    %load/vec4 v0x5bbd286fac80_0;
    %and;
T_0.4;
    %flag_set/vec4 8;
    %jmp/0xz  T_0.2, 8;
    %load/vec4 v0x5bbd286fa8c0_0;
    %inv;
    %flag_set/vec4 8;
    %jmp/0xz  T_0.5, 8;
    %pushi/vec4 1, 0, 1;
    %assign/vec4 v0x5bbd286fa980_0, 0;
    %pushi/vec4 0, 0, 1;
    %assign/vec4 v0x5bbd286fab00_0, 0;
    %pushi/vec4 0, 0, 1;
    %assign/vec4 v0x5bbd286faec0_0, 0;
    %jmp T_0.6;
T_0.5 ;
    %pushi/vec4 0, 0, 1;
    %assign/vec4 v0x5bbd286fa980_0, 0;
    %pushi/vec4 1, 0, 1;
    %assign/vec4 v0x5bbd286fab00_0, 0;
    %pushi/vec4 1, 0, 1;
    %assign/vec4 v0x5bbd286faec0_0, 0;
T_0.6 ;
    %jmp T_0.3;
T_0.2 ;
    %pushi/vec4 0, 0, 1;
    %assign/vec4 v0x5bbd286fa980_0, 0;
T_0.3 ;
T_0.1 ;
    %jmp T_0;
    .thread T_0;
    .scope S_0x5bbd286e17f0;
T_1 ;
T_1.0 ;
    %delay 500, 0;
    %load/vec4 v0x5bbd286fb1e0_0;
    %inv;
    %assign/vec4 v0x5bbd286fb1e0_0, 0;
    %jmp T_1.0;
T_1.1 ;
    %end;
    .thread T_1;
    .scope S_0x5bbd286e17f0;
T_2 ;
    %vpi_call/w 3 35 "$dumpfile", ".wave/lif_scheduler_tb.vcd" {0 0 0};
    %vpi_call/w 3 36 "$dumpvars", 32'sb00000000000000000000000001100100, S_0x5bbd286e17f0 {0 0 0};
    %delay 0, 0;
    %pushi/vec4 0, 0, 1;
    %store/vec4 v0x5bbd286fb1e0_0, 0, 1;
    %pushi/vec4 0, 0, 1;
    %store/vec4 v0x5bbd286fb2a0_0, 0, 1;
    %pushi/vec4 0, 0, 1;
    %store/vec4 v0x5bbd286fb340_0, 0, 1;
    %pushi/vec4 0, 0, 1;
    %store/vec4 v0x5bbd286fb510_0, 0, 1;
    %pushi/vec4 0, 0, 1;
    %store/vec4 v0x5bbd286fb680_0, 0, 1;
    %pushi/vec4 0, 0, 1;
    %store/vec4 v0x5bbd286fb750_0, 0, 1;
    %pushi/vec4 0, 0, 1;
    %store/vec4 v0x5bbd286fb8f0_0, 0, 1;
    %delay 5000, 0;
    %pushi/vec4 1, 0, 1;
    %store/vec4 v0x5bbd286fb2a0_0, 0, 1;
    %delay 5000, 0;
    %pushi/vec4 1, 0, 1;
    %store/vec4 v0x5bbd286fb340_0, 0, 1;
    %delay 1000, 0;
    %pushi/vec4 1, 0, 1;
    %store/vec4 v0x5bbd286fb680_0, 0, 1;
    %pushi/vec4 1, 0, 1;
    %store/vec4 v0x5bbd286fb8f0_0, 0, 1;
    %delay 1000, 0;
    %pushi/vec4 0, 0, 1;
    %store/vec4 v0x5bbd286fb340_0, 0, 1;
    %delay 5000, 0;
    %pushi/vec4 1, 0, 1;
    %store/vec4 v0x5bbd286fb510_0, 0, 1;
    %pushi/vec4 1, 0, 1;
    %store/vec4 v0x5bbd286fb750_0, 0, 1;
    %delay 10000, 0;
    %vpi_call/w 3 62 "$finish" {0 0 0};
    %end;
    .thread T_2;
# The file index is used to find the file name in the following table.
:file_names 5;
    "N/A";
    "<interactive>";
    "-";
    "lif_scheduler_tb.sv";
    "./lif_scheduler.sv";
